Microchip MPLAB XC8 Compiler V2.10 ()

Linker command line:

-W-3 --edf=C:\Program Files (x86)\Microchip\xc8\v2.10\pic\dat\en_msgs.txt \
  -cs -h+dist/default/production\sonic_telemetry_tx_v1.X.production.sym \
  --cmf=dist/default/production\sonic_telemetry_tx_v1.X.production.cmf -z \
  -Q16F18346 -oC:\Users\zarve\AppData\Local\Temp\s5r0.2 \
  --defsym=__MPLAB_BUILD=1 \
  -Mdist/default/production/sonic_telemetry_tx_v1.X.production.map -E1 \
  -ver=XC8 --acfsm=1493 -ASTACK=02085h-027EFh -pstack=STACK \
  -ACODE=00h-07FFhx8 -ASTRCODE=00h-03FFFh -ASTRING=00h-0FFhx64 \
  -ACONST=00h-0FFhx64 -AENTRY=00h-0FFhx64 -ACOMMON=070h-07Fh \
  -ABANK0=020h-06Fh -ABANK1=0A0h-0EFh -ABANK2=0120h-016Fh \
  -ABANK3=01A0h-01EFh -ABANK4=0220h-026Fh -ABANK5=02A0h-02EFh \
  -ABANK6=0320h-036Fh -ABANK7=03A0h-03EFh -ABANK8=0420h-046Fh \
  -ABANK9=04A0h-04EFh -ABANK10=0520h-056Fh -ABANK11=05A0h-05EFh \
  -ABANK12=0620h-066Fh -ABANK13=06A0h-06EFh -ABANK14=0720h-076Fh \
  -ABANK15=07A0h-07EFh -ABANK16=0820h-086Fh -ABANK17=08A0h-08EFh \
  -ABANK18=0920h-096Fh -ABANK19=09A0h-09EFh -ABANK20=0A20h-0A6Fh \
  -ABANK21=0AA0h-0AEFh -ABANK22=0B20h-0B6Fh -ABANK23=0BA0h-0BEFh \
  -ABANK24=0C20h-0C6Fh -ABANK25=0CA0h-0CBFh -ABIGRAM=02000h-027EFh \
  -ARAM=020h-06Fh,0A0h-0EFh,0120h-016Fh,01A0h-01EFh,0220h-026Fh,02A0h-02EFh,0320h-036Fh,03A0h-03EFh,0420h-046Fh,04A0h-04EFh,0520h-056Fh,05A0h-05EFh,0620h-066Fh,06A0h-06EFh,0720h-076Fh,07A0h-07EFh,0820h-086Fh,08A0h-08EFh,0920h-096Fh,09A0h-09EFh,0A20h-0A6Fh,0AA0h-0AEFh,0B20h-0B6Fh,0BA0h-0BEFh,0C20h-0C6Fh,0CA0h-0CBFh \
  -AABS1=020h-07Fh,0A0h-0EFh,0120h-016Fh,01A0h-01EFh,0220h-026Fh,02A0h-02EFh,0320h-036Fh,03A0h-03EFh,0420h-046Fh,04A0h-04EFh,0520h-056Fh,05A0h-05EFh,0620h-066Fh,06A0h-06EFh,0720h-076Fh,07A0h-07EFh,0820h-086Fh,08A0h-08EFh,0920h-096Fh,09A0h-09EFh,0A20h-0A6Fh,0AA0h-0AEFh,0B20h-0B6Fh,0BA0h-0BEFh,0C20h-0C6Fh,0CA0h-0CBFh \
  -ASFR0=00h-01Fh -ASFR1=080h-09Fh -ASFR2=0100h-011Fh -ASFR3=0180h-019Fh \
  -ASFR4=0200h-021Fh -ASFR5=0280h-029Fh -ASFR6=0300h-031Fh \
  -ASFR7=0380h-039Fh -ASFR8=0400h-041Fh -ASFR9=0480h-049Fh \
  -ASFR10=0500h-051Fh -ASFR11=0580h-059Fh -ASFR12=0600h-061Fh \
  -ASFR13=0680h-069Fh -ASFR14=0700h-071Fh -ASFR15=0780h-079Fh \
  -ASFR16=0800h-081Fh -ASFR17=0880h-089Fh -ASFR18=0900h-091Fh \
  -ASFR19=0980h-099Fh -ASFR20=0A00h-0A1Fh -ASFR21=0A80h-0A9Fh \
  -ASFR22=0B00h-0B1Fh -ASFR23=0B80h-0B9Fh -ASFR24=0C00h-0C1Fh \
  -ASFR25=0C80h-0C9Fh -ASFR26=0D00h-0D6Fh -ASFR27=0D80h-0DEFh \
  -ASFR28=0E00h-0E6Fh -ASFR29=0E80h-0EEFh -ASFR30=0F00h-0F6Fh \
  -ASFR31=0F80h-0FEFh -preset_vec=00h,intentry=04h,init,end_init \
  -ppowerup=CODE -pcinit=CODE -pfunctab=ENTRY -ACONFIG=08007h-0800Ah \
  -pconfig=CONFIG -DCONFIG=2 -AIDLOC=08000h-08003h -pidloc=IDLOC -DIDLOC=2 \
  -AEEDATA=00h-0FFh/0F000h -peeprom_data=EEDATA -DEEDATA=2 -DCODE=2 \
  -DSTRCODE=2 -DSTRING=2 -DCONST=2 -DENTRY=2 -k \
  C:\Users\zarve\AppData\Local\Temp\s5r0.o \
  dist/default/production\sonic_telemetry_tx_v1.X.production.o 

Object code version is 3.11

Machine type is 16F18346



                Name                               Link     Load   Length Selector   Space Scale
C:\Users\zarve\AppData\Local\Temp\s5r0.o
                end_init                             2C       2C        2        8       0
                reset_vec                             0        0        2        0       0
                config                             8007     8007        4    1000E       0
dist/default/production\sonic_telemetry_tx_v1.X.production.o
                cinit                                2E       2E       34        8       0
                intentry                              4        4       28        8       0
                text25                              20B      20B       19      3E4       0
                text24                              2B3      2B3        4      3E4       0
                text23                              2BA      2BA        1      3E4       0
                text22                              2AF      2AF        4      3E4       0
                text21                              177      177       39        8       0
                text20                              1B0      1B0       22        8       0
                text18                              2A1      2A1        6      3E4       0
                text17                              29B      29B        6      3E4       0
                text16                              295      295        6      3E4       0
                text15                              28F      28F        6      3E4       0
                text14                              289      289        6      3E4       0
                text13                               FD       FD       40        8       0
                text12                              264      264        9      3E4       0
                text11                              25B      25B        9      3E4       0
                text10                              13D      13D       3A        8       0
                text9                               275      275        8      3E4       0
                text8                               23B      23B        C      3E4       0
                text7                               26D      26D        8      3E4       0
                text6                               2AB      2AB        4      3E4       0
                text5                               1F2      1F2       19      3E4       0
                text4                               251      251        A      3E4       0
                text3                               247      247        A      3E4       0
                text2                                BD       BD       40        8       0
                text1                               2B7      2B7        3      3E4       0
                maintext                             62       62       5B        8       0
                cstackBANK0                          49       49       1E       20       1
                cstackCOMMON                         79       79        4       70       1
                clrtext                             283      283        6      3E4       0
                inittext                            27D      27D        6      3E4       0
                dataBANK1                            A0       A0       17       A0       1
                bssBANK1                             B7       B7       10       A0       1
                dataBANK0                            6C       6C        4       20       1
                bssBANK0                             20       20       29       20       1
                bssCOMMON                            70       70        9       70       1
                nvBANK1                              C7       C7        E       A0       1
                nvBANK0                              67       67        5       20       1
                stringtext1                         1D2      1D2       20      3A4       0
                idataBANK1                          224      224       17      3E4       0
                idataBANK0                          2A7      2A7        4      3E4       0

TOTAL           Name                               Link     Load   Length     Space
        CLASS   STACK          

        CLASS   CODE           
                end_init                             2C       2C        2         0
                cinit                                2E       2E       34         0
                intentry                              4        4       28         0
                reset_vec                             0        0        2         0
                text25                              20B      20B       19         0
                text24                              2B3      2B3        4         0
                text23                              2BA      2BA        1         0
                text22                              2AF      2AF        4         0
                text21                              177      177       39         0
                text20                              1B0      1B0       22         0
                text18                              2A1      2A1        6         0
                text17                              29B      29B        6         0
                text16                              295      295        6         0
                text15                              28F      28F        6         0
                text14                              289      289        6         0
                text13                               FD       FD       40         0
                text12                              264      264        9         0
                text11                              25B      25B        9         0
                text10                              13D      13D       3A         0
                text9                               275      275        8         0
                text8                               23B      23B        C         0
                text7                               26D      26D        8         0
                text6                               2AB      2AB        4         0
                text5                               1F2      1F2       19         0
                text4                               251      251        A         0
                text3                               247      247        A         0
                text2                                BD       BD       40         0
                text1                               2B7      2B7        3         0
                maintext                             62       62       5B         0
                clrtext                             283      283        6         0
                inittext                            27D      27D        6         0
                idataBANK1                          224      224       17         0
                idataBANK0                          2A7      2A7        4         0

        CLASS   STRCODE        
                stringtext1                         1D2      1D2       20         0

        CLASS   STRING         

        CLASS   CONST          

        CLASS   ENTRY          

        CLASS   COMMON         
                cstackCOMMON                         79       79        4         1
                bssCOMMON                            70       70        9         1

        CLASS   BANK0          
                cstackBANK0                          49       49       1E         1
                dataBANK0                            6C       6C        4         1
                bssBANK0                             20       20       29         1
                nvBANK0                              67       67        5         1

        CLASS   BANK1          
                dataBANK1                            A0       A0       17         1
                bssBANK1                             B7       B7       10         1
                nvBANK1                              C7       C7        E         1

        CLASS   BANK2          

        CLASS   BANK3          

        CLASS   BANK4          

        CLASS   BANK5          

        CLASS   BANK6          

        CLASS   BANK7          

        CLASS   BANK8          

        CLASS   BANK9          

        CLASS   BANK10         

        CLASS   BANK11         

        CLASS   BANK12         

        CLASS   BANK13         

        CLASS   BANK14         

        CLASS   BANK15         

        CLASS   BANK16         

        CLASS   BANK17         

        CLASS   BANK18         

        CLASS   BANK19         

        CLASS   BANK20         

        CLASS   BANK21         

        CLASS   BANK22         

        CLASS   BANK23         

        CLASS   BANK24         

        CLASS   BANK25         

        CLASS   BIGRAM         

        CLASS   RAM            

        CLASS   ABS1           
                abs_s1                               7E       7E        2         1

        CLASS   SFR0           

        CLASS   SFR1           

        CLASS   SFR2           

        CLASS   SFR3           

        CLASS   SFR4           

        CLASS   SFR5           

        CLASS   SFR6           

        CLASS   SFR7           

        CLASS   SFR8           

        CLASS   SFR9           

        CLASS   SFR10          

        CLASS   SFR11          

        CLASS   SFR12          

        CLASS   SFR13          

        CLASS   SFR14          

        CLASS   SFR15          

        CLASS   SFR16          

        CLASS   SFR17          

        CLASS   SFR18          

        CLASS   SFR19          

        CLASS   SFR20          

        CLASS   SFR21          

        CLASS   SFR22          

        CLASS   SFR23          

        CLASS   SFR24          

        CLASS   SFR25          

        CLASS   SFR26          

        CLASS   SFR27          

        CLASS   SFR28          

        CLASS   SFR29          

        CLASS   SFR30          

        CLASS   SFR31          

        CLASS   CONFIG         
                config                             8007     8007        4         0

        CLASS   IDLOC          

        CLASS   EEDATA         

        CLASS   BANK31         

        CLASS   BANK30         

        CLASS   BANK29         

        CLASS   BANK28         

        CLASS   BANK27         

        CLASS   BANK26         



SEGMENTS        Name                           Load    Length   Top    Selector   Space  Class     Delta

                reset_vec                      000000  000002  000002         0       0  CODE        2
                intentry                       000004  0001CE  0001D2         8       0  CODE        2
                bssBANK0                       000020  000050  000070        20       1  BANK0       1
                bssCOMMON                      000070  00000D  00007D        70       1  COMMON      1
                dataBANK1                      0000A0  000035  0000D5        A0       1  BANK1       1
                stringtext1                    0001D2  000020  0001F2       3A4       0  STRCODE     2
                text5                          0001F2  0000C9  0002BB       3E4       0  CODE        2
                config                         008007  000004  00800B     1000E       0  CONFIG      2


UNUSED ADDRESS RANGES

        Name                Unused          Largest block    Delta
        BANK1            000D5-000EF              1B           1
        BANK10           00520-0056F              50           1
        BANK11           005A0-005EF              50           1
        BANK12           00620-0066F              50           1
        BANK13           006A0-006EF              50           1
        BANK14           00720-0076F              50           1
        BANK15           007A0-007EF              50           1
        BANK16           00820-0086F              50           1
        BANK17           008A0-008EF              50           1
        BANK18           00920-0096F              50           1
        BANK19           009A0-009EF              50           1
        BANK2            00120-0016F              50           1
        BANK20           00A20-00A6F              50           1
        BANK21           00AA0-00AEF              50           1
        BANK22           00B20-00B6F              50           1
        BANK23           00BA0-00BEF              50           1
        BANK24           00C20-00C6F              50           1
        BANK25           00CA0-00CBF              20           1
        BANK3            001A0-001EF              50           1
        BANK4            00220-0026F              50           1
        BANK5            002A0-002EF              50           1
        BANK6            00320-0036F              50           1
        BANK7            003A0-003EF              50           1
        BANK8            00420-0046F              50           1
        BANK9            004A0-004EF              50           1
        BIGRAM           02000-027EF             7F0           1
        CODE             00002-00003               2           2
                         002BB-03FFF             800
        COMMON           0007D-0007D               1           1
        CONST            00002-00003               2           2
                         002BB-03FFF             100
        EEDATA           0F000-0F0FF             100           2
        ENTRY            00002-00003               2           2
                         002BB-03FFF             100
        IDLOC            08000-08003               4           2
        RAM              000D5-000EF              1B           1
                         00120-0016F              50
                         001A0-001EF              50
                         00220-0026F              50
                         002A0-002EF              50
                         00320-0036F              50
                         003A0-003EF              50
                         00420-0046F              50
                         004A0-004EF              50
                         00520-0056F              50
                         005A0-005EF              50
                         00620-0066F              50
                         006A0-006EF              50
                         00720-0076F              50
                         007A0-007EF              50
                         00820-0086F              50
                         008A0-008EF              50
                         00920-0096F              50
                         009A0-009EF              50
                         00A20-00A6F              50
                         00AA0-00AEF              50
                         00B20-00B6F              50
                         00BA0-00BEF              50
                         00C20-00C6F              50
                         00CA0-00CBF              20
        SFR0             00000-0001F              20           1
        SFR1             00080-0009F              20           1
        SFR10            00500-0051F              20           1
        SFR11            00580-0059F              20           1
        SFR12            00600-0061F              20           1
        SFR13            00680-0069F              20           1
        SFR14            00700-0071F              20           1
        SFR15            00780-0079F              20           1
        SFR16            00800-0081F              20           1
        SFR17            00880-0089F              20           1
        SFR18            00900-0091F              20           1
        SFR19            00980-0099F              20           1
        SFR2             00100-0011F              20           1
        SFR20            00A00-00A1F              20           1
        SFR21            00A80-00A9F              20           1
        SFR22            00B00-00B1F              20           1
        SFR23            00B80-00B9F              20           1
        SFR24            00C00-00C1F              20           1
        SFR25            00C80-00C9F              20           1
        SFR26            00D00-00D6F              70           1
        SFR27            00D80-00DEF              70           1
        SFR28            00E00-00E6F              70           1
        SFR29            00E80-00EEF              70           1
        SFR3             00180-0019F              20           1
        SFR30            00F00-00F6F              70           1
        SFR31            00F80-00FEF              70           1
        SFR4             00200-0021F              20           1
        SFR5             00280-0029F              20           1
        SFR6             00300-0031F              20           1
        SFR7             00380-0039F              20           1
        SFR8             00400-0041F              20           1
        SFR9             00480-0049F              20           1
        STACK            02085-027EF             76B           1
        STRCODE          00002-00003               2           2
                         002BB-03FFF            3D45
        STRING           00002-00003               2           2
                         002BB-03FFF             100

                                  Symbol Table

EUSART_SetErrorHandler@interruptHandler        cstackCOMMON 0007A
EUSART_SetFramingErrorHandler@interruptHandler cstackCOMMON 0007A
EUSART_SetOverrunErrorHandler@interruptHandler cstackCOMMON 0007A
EUSART_SetRxInterruptHandler@interruptHandler  cstackCOMMON 0007A
EUSART_SetTxInterruptHandler@interruptHandler  cstackCOMMON 0007A
_ANSELA                                        (abs)        0018C
_ANSELB                                        (abs)        0018D
_ANSELC                                        (abs)        0018E
_BAUD1CON                                      (abs)        0019F
_EUSART_DefaultErrorHandler                    text24       002B3
_EUSART_DefaultFramingErrorHandler             text23       002BA
_EUSART_DefaultOverrunErrorHandler             text22       002AF
_EUSART_ErrorHandler                           nvBANK1      000CF
_EUSART_FramingErrorHandler                    nvBANK1      000D3
_EUSART_Initialize                             text13       000FD
_EUSART_OverrunErrorHandler                    nvBANK1      000D1
_EUSART_Receive_ISR                            text21       00177
_EUSART_RxDataHandler                          text25       0020B
_EUSART_RxDefaultInterruptHandler              nvBANK0      00067
_EUSART_SetErrorHandler                        text18       002A1
_EUSART_SetFramingErrorHandler                 text17       0029B
_EUSART_SetOverrunErrorHandler                 text16       00295
_EUSART_SetRxInterruptHandler                  text15       0028F
_EUSART_SetTxInterruptHandler                  text14       00289
_EUSART_Transmit_ISR                           text20       001B0
_EUSART_TxDefaultInterruptHandler              nvBANK0      00069
_I2C1_CallbackReturnReset                      (abs)        00000
_I2C1_CallbackReturnStop                       (abs)        00000
_I2C1_DO_ADDRESS_NACK                          (abs)        00000
_I2C1_DO_IDLE                                  (abs)        00000
_I2C1_DO_RCEN                                  (abs)        00000
_I2C1_DO_RESET                                 (abs)        00000
_I2C1_DO_RX                                    (abs)        00000
_I2C1_DO_RX_ACK                                (abs)        00000
_I2C1_DO_RX_NACK_RESTART                       (abs)        00000
_I2C1_DO_RX_NACK_STOP                          (abs)        00000
_I2C1_DO_SEND_ADR_READ                         (abs)        00000
_I2C1_DO_SEND_ADR_WRITE                        (abs)        00000
_I2C1_DO_SEND_RESTART                          (abs)        00000
_I2C1_DO_SEND_RESTART_READ                     (abs)        00000
_I2C1_DO_SEND_RESTART_WRITE                    (abs)        00000
_I2C1_DO_SEND_STOP                             (abs)        00000
_I2C1_DO_TX                                    (abs)        00000
_I2C1_DO_TX_EMPTY                              (abs)        00000
_I2C1_Initialize                               text12       00264
_I2C1_Status                                   bssBANK0     00020
_INLVLA                                        (abs)        0038C
_INLVLB                                        (abs)        0038D
_INLVLC                                        (abs)        0038E
_INTCONbits                                    (abs)        0000B
_INTERRUPT_InterruptManager                    intentry     00004
_LATA                                          (abs)        0010C
_LATB                                          (abs)        0010D
_LATC                                          (abs)        0010E
_LATCbits                                      (abs)        0010E
_ODCONA                                        (abs)        0028C
_ODCONB                                        (abs)        0028D
_ODCONC                                        (abs)        0028E
_OSCCON1                                       (abs)        00919
_OSCCON3                                       (abs)        0091B
_OSCEN                                         (abs)        0091D
_OSCFRQ                                        (abs)        0091F
_OSCILLATOR_Initialize                         text11       0025B
_OSCTUNE                                       (abs)        0091E
_PIE1bits                                      (abs)        00091
_PIN_MANAGER_Initialize                        text10       0013D
_PIR1bits                                      (abs)        00011
_PMD0                                          (abs)        00911
_PMD1                                          (abs)        00912
_PMD2                                          (abs)        00913
_PMD3                                          (abs)        00914
_PMD4                                          (abs)        00915
_PMD5                                          (abs)        00916
_PMD_Initialize                                text9        00275
_PORTCbits                                     (abs)        0000E
_PR2                                           (abs)        0001E
_PWM5CON                                       (abs)        00619
_PWM5DCH                                       (abs)        00618
_PWM5DCL                                       (abs)        00617
_PWM5_Initialize                               text8        0023B
_PWMTMRSbits                                   (abs)        0061F
_RB4PPS                                        (abs)        00E9C
_RB5PPS                                        (abs)        00E9D
_RB7PPS                                        (abs)        00E9F
_RC1REG                                        (abs)        00199
_RC1STA                                        (abs)        0019D
_RC1STAbits                                    (abs)        0019D
_RC6PPS                                        (abs)        00EA6
_RXPPS                                         (abs)        00E24
_SLRCONA                                       (abs)        0030C
_SLRCONB                                       (abs)        0030D
_SLRCONC                                       (abs)        0030E
_SP1BRGH                                       (abs)        0019C
_SP1BRGL                                       (abs)        0019B
_SSP1ADD                                       (abs)        00212
_SSP1BUF                                       (abs)        00211
_SSP1CLKPPS                                    (abs)        00E20
_SSP1CON1                                      (abs)        00215
_SSP1CON1bits                                  (abs)        00215
_SSP1CON2                                      (abs)        00216
_SSP1CON2bits                                  (abs)        00216
_SSP1DATPPS                                    (abs)        00E21
_SSP1STAT                                      (abs)        00214
_SSP1STATbits                                  (abs)        00214
_SYSTEM_Initialize                             text5        001F2
_T2CON                                         (abs)        0001F
_T2CONbits                                     (abs)        0001F
_TMR2                                          (abs)        0001D
_TMR2_Initialize                               text7        0026D
_TRISA                                         (abs)        0008C
_TRISB                                         (abs)        0008D
_TRISC                                         (abs)        0008E
_TX1REG                                        (abs)        0019A
_TX1STA                                        (abs)        0019E
_TX1STAbits                                    (abs)        0019E
_WDTCON                                        (abs)        00097
_WDT_Initialize                                text6        002AB
_WPUA                                          (abs)        0020C
_WPUB                                          (abs)        0020D
_WPUC                                          (abs)        0020E
__CFG_BOREN$ON                                 (abs)        00000
__CFG_BORV$LOW                                 (abs)        00000
__CFG_CLKOUTEN$OFF                             (abs)        00000
__CFG_CP$OFF                                   (abs)        00000
__CFG_CPD$OFF                                  (abs)        00000
__CFG_CSWEN$ON                                 (abs)        00000
__CFG_DEBUG$OFF                                (abs)        00000
__CFG_FCMEN$ON                                 (abs)        00000
__CFG_FEXTOSC$OFF                              (abs)        00000
__CFG_LPBOREN$OFF                              (abs)        00000
__CFG_LVP$ON                                   (abs)        00000
__CFG_MCLRE$ON                                 (abs)        00000
__CFG_PPS1WAY$ON                               (abs)        00000
__CFG_PWRTE$OFF                                (abs)        00000
__CFG_RSTOSC$HFINT1                            (abs)        00000
__CFG_STVREN$ON                                (abs)        00000
__CFG_WDTE$OFF                                 (abs)        00000
__CFG_WRT$OFF                                  (abs)        00000
__Habs1                                        abs1         00000
__Hbank0                                       bank0        00000
__Hbank1                                       bank1        00000
__Hbank10                                      bank10       00000
__Hbank11                                      bank11       00000
__Hbank12                                      bank12       00000
__Hbank13                                      bank13       00000
__Hbank14                                      bank14       00000
__Hbank15                                      bank15       00000
__Hbank16                                      bank16       00000
__Hbank17                                      bank17       00000
__Hbank18                                      bank18       00000
__Hbank19                                      bank19       00000
__Hbank2                                       bank2        00000
__Hbank20                                      bank20       00000
__Hbank21                                      bank21       00000
__Hbank22                                      bank22       00000
__Hbank23                                      bank23       00000
__Hbank24                                      bank24       00000
__Hbank25                                      bank25       00000
__Hbank26                                      bank26       00000
__Hbank27                                      bank27       00000
__Hbank28                                      bank28       00000
__Hbank29                                      bank29       00000
__Hbank3                                       bank3        00000
__Hbank30                                      bank30       00000
__Hbank31                                      bank31       00000
__Hbank4                                       bank4        00000
__Hbank5                                       bank5        00000
__Hbank6                                       bank6        00000
__Hbank7                                       bank7        00000
__Hbank8                                       bank8        00000
__Hbank9                                       bank9        00000
__Hbigram                                      bigram       00000
__HbssBANK0                                    bssBANK0     00000
__HbssBANK1                                    bssBANK1     00000
__HbssCOMMON                                   bssCOMMON    00000
__Hcinit                                       cinit        00062
__Hclrtext                                     clrtext      00000
__Hcode                                        code         00000
__Hcommon                                      common       00000
__Hconfig                                      config       0800B
__HcstackBANK0                                 cstackBANK0  00000
__HcstackCOMMON                                cstackCOMMON 00000
__HdataBANK0                                   dataBANK0    00000
__HdataBANK1                                   dataBANK1    00000
__Heeprom_data                                 eeprom_data  00000
__Hend_init                                    end_init     0002E
__Hfunctab                                     functab      00000
__HidataBANK0                                  idataBANK0   00000
__HidataBANK1                                  idataBANK1   00000
__Hidloc                                       idloc        00000
__Hinit                                        init         0002C
__Hinittext                                    inittext     00000
__Hintentry                                    intentry     0002C
__Hmaintext                                    maintext     00000
__HnvBANK0                                     nvBANK0      00000
__HnvBANK1                                     nvBANK1      00000
__Hpowerup                                     powerup      00000
__Hram                                         ram          00000
__Hreset_vec                                   reset_vec    00002
__Hsfr0                                        sfr0         00000
__Hsfr1                                        sfr1         00000
__Hsfr10                                       sfr10        00000
__Hsfr11                                       sfr11        00000
__Hsfr12                                       sfr12        00000
__Hsfr13                                       sfr13        00000
__Hsfr14                                       sfr14        00000
__Hsfr15                                       sfr15        00000
__Hsfr16                                       sfr16        00000
__Hsfr17                                       sfr17        00000
__Hsfr18                                       sfr18        00000
__Hsfr19                                       sfr19        00000
__Hsfr2                                        sfr2         00000
__Hsfr20                                       sfr20        00000
__Hsfr21                                       sfr21        00000
__Hsfr22                                       sfr22        00000
__Hsfr23                                       sfr23        00000
__Hsfr24                                       sfr24        00000
__Hsfr25                                       sfr25        00000
__Hsfr26                                       sfr26        00000
__Hsfr27                                       sfr27        00000
__Hsfr28                                       sfr28        00000
__Hsfr29                                       sfr29        00000
__Hsfr3                                        sfr3         00000
__Hsfr30                                       sfr30        00000
__Hsfr31                                       sfr31        00000
__Hsfr4                                        sfr4         00000
__Hsfr5                                        sfr5         00000
__Hsfr6                                        sfr6         00000
__Hsfr7                                        sfr7         00000
__Hsfr8                                        sfr8         00000
__Hsfr9                                        sfr9         00000
__Hspace_0                                     (abs)        0800B
__Hspace_1                                     (abs)        000D5
__Hspace_2                                     (abs)        00000
__Hspace_3                                     (abs)        00000
__Hstack                                       stack        00000
__Hstrings                                     strings      00000
__Hstringtext1                                 stringtext1  00000
__Htext                                        text         00000
__Labs1                                        abs1         00000
__Lbank0                                       bank0        00000
__Lbank1                                       bank1        00000
__Lbank10                                      bank10       00000
__Lbank11                                      bank11       00000
__Lbank12                                      bank12       00000
__Lbank13                                      bank13       00000
__Lbank14                                      bank14       00000
__Lbank15                                      bank15       00000
__Lbank16                                      bank16       00000
__Lbank17                                      bank17       00000
__Lbank18                                      bank18       00000
__Lbank19                                      bank19       00000
__Lbank2                                       bank2        00000
__Lbank20                                      bank20       00000
__Lbank21                                      bank21       00000
__Lbank22                                      bank22       00000
__Lbank23                                      bank23       00000
__Lbank24                                      bank24       00000
__Lbank25                                      bank25       00000
__Lbank26                                      bank26       00000
__Lbank27                                      bank27       00000
__Lbank28                                      bank28       00000
__Lbank29                                      bank29       00000
__Lbank3                                       bank3        00000
__Lbank30                                      bank30       00000
__Lbank31                                      bank31       00000
__Lbank4                                       bank4        00000
__Lbank5                                       bank5        00000
__Lbank6                                       bank6        00000
__Lbank7                                       bank7        00000
__Lbank8                                       bank8        00000
__Lbank9                                       bank9        00000
__Lbigram                                      bigram       00000
__LbssBANK0                                    bssBANK0     00000
__LbssBANK1                                    bssBANK1     00000
__LbssCOMMON                                   bssCOMMON    00000
__Lcinit                                       cinit        0002E
__Lclrtext                                     clrtext      00000
__Lcode                                        code         00000
__Lcommon                                      common       00000
__Lconfig                                      config       08007
__LcstackBANK0                                 cstackBANK0  00000
__LcstackCOMMON                                cstackCOMMON 00000
__LdataBANK0                                   dataBANK0    00000
__LdataBANK1                                   dataBANK1    00000
__Leeprom_data                                 eeprom_data  00000
__Lend_init                                    end_init     0002C
__Lfunctab                                     functab      00000
__LidataBANK0                                  idataBANK0   00000
__LidataBANK1                                  idataBANK1   00000
__Lidloc                                       idloc        00000
__Linit                                        init         0002C
__Linittext                                    inittext     00000
__Lintentry                                    intentry     00004
__Lmaintext                                    maintext     00000
__LnvBANK0                                     nvBANK0      00000
__LnvBANK1                                     nvBANK1      00000
__Lpowerup                                     powerup      00000
__Lram                                         ram          00000
__Lreset_vec                                   reset_vec    00000
__Lsfr0                                        sfr0         00000
__Lsfr1                                        sfr1         00000
__Lsfr10                                       sfr10        00000
__Lsfr11                                       sfr11        00000
__Lsfr12                                       sfr12        00000
__Lsfr13                                       sfr13        00000
__Lsfr14                                       sfr14        00000
__Lsfr15                                       sfr15        00000
__Lsfr16                                       sfr16        00000
__Lsfr17                                       sfr17        00000
__Lsfr18                                       sfr18        00000
__Lsfr19                                       sfr19        00000
__Lsfr2                                        sfr2         00000
__Lsfr20                                       sfr20        00000
__Lsfr21                                       sfr21        00000
__Lsfr22                                       sfr22        00000
__Lsfr23                                       sfr23        00000
__Lsfr24                                       sfr24        00000
__Lsfr25                                       sfr25        00000
__Lsfr26                                       sfr26        00000
__Lsfr27                                       sfr27        00000
__Lsfr28                                       sfr28        00000
__Lsfr29                                       sfr29        00000
__Lsfr3                                        sfr3         00000
__Lsfr30                                       sfr30        00000
__Lsfr31                                       sfr31        00000
__Lsfr4                                        sfr4         00000
__Lsfr5                                        sfr5         00000
__Lsfr6                                        sfr6         00000
__Lsfr7                                        sfr7         00000
__Lsfr8                                        sfr8         00000
__Lsfr9                                        sfr9         00000
__Lspace_0                                     (abs)        00000
__Lspace_1                                     (abs)        00000
__Lspace_2                                     (abs)        00000
__Lspace_3                                     (abs)        00000
__Lstack                                       stack        00000
__Lstrings                                     strings      00000
__Lstringtext1                                 stringtext1  00000
__Ltext                                        text         00000
__S0                                           (abs)        0800B
__S1                                           (abs)        000D5
__S2                                           (abs)        00000
__S3                                           (abs)        00000
___int_sp                                      stack        00000
___latbits                                     (abs)        00003
___sp                                          stack        00000
___stackhi                                     (abs)        027EF
___stacklo                                     (abs)        02085
__end_of_EUSART_DefaultErrorHandler            text24       002B7
__end_of_EUSART_DefaultFramingErrorHandler     text23       002BB
__end_of_EUSART_DefaultOverrunErrorHandler     text22       002B3
__end_of_EUSART_Initialize                     text13       0013D
__end_of_EUSART_Receive_ISR                    text21       001B0
__end_of_EUSART_RxDataHandler                  text25       00224
__end_of_EUSART_SetErrorHandler                text18       002A7
__end_of_EUSART_SetFramingErrorHandler         text17       002A1
__end_of_EUSART_SetOverrunErrorHandler         text16       0029B
__end_of_EUSART_SetRxInterruptHandler          text15       00295
__end_of_EUSART_SetTxInterruptHandler          text14       0028F
__end_of_EUSART_Transmit_ISR                   text20       001D2
__end_of_I2C1_Initialize                       text12       0026D
__end_of_INTERRUPT_InterruptManager            intentry     0002C
__end_of_OSCILLATOR_Initialize                 text11       00264
__end_of_PIN_MANAGER_Initialize                text10       00177
__end_of_PMD_Initialize                        text9        0027D
__end_of_PWM5_Initialize                       text8        00247
__end_of_SYSTEM_Initialize                     text5        0020B
__end_of_TMR2_Initialize                       text7        00275
__end_of_WDT_Initialize                        text6        002AF
__end_of__initialization                       cinit        0005E
__end_of_fsmStateTable                         stringtext1  001F2
__end_of_main                                  maintext     000BD
__end_of_sendPWM                               text2        000FD
__end_of_setHigh                               text4        0025B
__end_of_setLow                                text3        00251
__end_of_setZero                               text1        002BA
__initialization                               cinit        0002E
__pbssBANK0                                    bssBANK0     00020
__pbssBANK1                                    bssBANK1     000B7
__pbssCOMMON                                   bssCOMMON    00070
__pcstackBANK0                                 cstackBANK0  00049
__pcstackCOMMON                                cstackCOMMON 00079
__pdataBANK0                                   dataBANK0    0006C
__pdataBANK1                                   dataBANK1    000A0
__pidataBANK0                                  idataBANK0   002A7
__pidataBANK1                                  idataBANK1   00224
__pintentry                                    intentry     00004
__pmaintext                                    maintext     00062
__pnvBANK0                                     nvBANK0      00067
__pnvBANK1                                     nvBANK1      000C7
__pstringtext1                                 stringtext1  001D2
__ptext1                                       text1        002B7
__ptext10                                      text10       0013D
__ptext11                                      text11       0025B
__ptext12                                      text12       00264
__ptext13                                      text13       000FD
__ptext14                                      text14       00289
__ptext15                                      text15       0028F
__ptext16                                      text16       00295
__ptext17                                      text17       0029B
__ptext18                                      text18       002A1
__ptext2                                       text2        000BD
__ptext20                                      text20       001B0
__ptext21                                      text21       00177
__ptext22                                      text22       002AF
__ptext23                                      text23       002BA
__ptext24                                      text24       002B3
__ptext25                                      text25       0020B
__ptext3                                       text3        00247
__ptext4                                       text4        00251
__ptext5                                       text5        001F2
__ptext6                                       text6        002AB
__ptext7                                       text7        0026D
__ptext8                                       text8        0023B
__ptext9                                       text9        00275
__size_of_EUSART_DefaultErrorHandler           (abs)        00000
__size_of_EUSART_DefaultFramingErrorHandler    (abs)        00000
__size_of_EUSART_DefaultOverrunErrorHandler    (abs)        00000
__size_of_EUSART_Initialize                    (abs)        00000
__size_of_EUSART_Receive_ISR                   (abs)        00000
__size_of_EUSART_RxDataHandler                 (abs)        00000
__size_of_EUSART_SetErrorHandler               (abs)        00000
__size_of_EUSART_SetFramingErrorHandler        (abs)        00000
__size_of_EUSART_SetOverrunErrorHandler        (abs)        00000
__size_of_EUSART_SetRxInterruptHandler         (abs)        00000
__size_of_EUSART_SetTxInterruptHandler         (abs)        00000
__size_of_EUSART_Transmit_ISR                  (abs)        00000
__size_of_I2C1_Initialize                      (abs)        00000
__size_of_INTERRUPT_InterruptManager           (abs)        00000
__size_of_OSCILLATOR_Initialize                (abs)        00000
__size_of_PIN_MANAGER_Initialize               (abs)        00000
__size_of_PMD_Initialize                       (abs)        00000
__size_of_PWM5_Initialize                      (abs)        00000
__size_of_SYSTEM_Initialize                    (abs)        00000
__size_of_TMR2_Initialize                      (abs)        00000
__size_of_WDT_Initialize                       (abs)        00000
__size_of_main                                 (abs)        00000
__size_of_sendPWM                              (abs)        00000
__size_of_setHigh                              (abs)        00000
__size_of_setLow                               (abs)        00000
__size_of_setZero                              (abs)        00000
_eusartRxBuffer                                bssBANK1     000B7
_eusartRxCount                                 bssCOMMON    00074
_eusartRxHead                                  bssCOMMON    00076
_eusartRxLastError                             bssCOMMON    00073
_eusartRxStatusBuffer                          bssBANK0     0003D
_eusartRxTail                                  bssCOMMON    00075
_eusartTxBuffer                                bssBANK1     000BF
_eusartTxBufferRemaining                       nvBANK0      0006B
_eusartTxHead                                  bssCOMMON    00078
_eusartTxTail                                  bssCOMMON    00077
_fsmStateTable                                 stringtext1  001D2
_main                                          maintext     00062
_pressure                                      nvBANK1      000CB
_raw_pressure                                  bssBANK0     00045
_raw_temperature                               bssCOMMON    00070
_rd1RegCompleteHandler                         (abs)        00000
_rd2RegCompleteHandler                         (abs)        00000
_rdBlkRegCompleteHandler                       (abs)        00000
_sendPWM                                       text2        000BD
_setHigh                                       text4        00251
_setLow                                        text3        00247
_setZero                                       text1        002B7
_temperature                                   nvBANK1      000C7
_value                                         bssCOMMON    00072
_wr1RegCompleteHandler                         (abs)        00000
_wr2RegCompleteHandler                         (abs)        00000
btemp                                          (abs)        0007E
clear_ram0                                     clrtext      00283
end_of_initialization                          cinit        0005E
init_ram                                       inittext     0027D
int$flags                                      (abs)        0007E
intlevel0                                      functab      00000
intlevel1                                      functab      00000
intlevel2                                      functab      00000
intlevel3                                      functab      00000
intlevel4                                      functab      00000
intlevel5                                      functab      00000
main@F7270                                     dataBANK0    0006C
main@F7272                                     dataBANK1    000A0
main@dummy_data                                cstackBANK0  0004A
main@hdr_trl                                   cstackBANK0  00061
main@i                                         cstackBANK0  00066
main@n                                         cstackBANK0  00065
reset_vec                                      reset_vec    00000
sendPWM@data                                   cstackCOMMON 0007C
sendPWM@j                                      cstackCOMMON 0007B
start                                          init         0002C
start_initialization                           cinit        0002E
wtemp0                                         (abs)        0007E


FUNCTION INFORMATION:

 *************** function _main *****************
 Defined at:
		line 146 in file "main.c"
 Parameters:    Size  Location     Type
		None
 Auto vars:     Size  Location     Type
  dummy_data     23    1[BANK0 ] unsigned char [23]
  hdr_trl         4   24[BANK0 ] unsigned char [4]
  i               1   29[BANK0 ] unsigned char 
  n               1   28[BANK0 ] unsigned char 
 Return value:  Size  Location     Type
                  1    wreg      void 
 Registers used:
		wreg, fsr0l, fsr0h, fsr1l, fsr1h, status,2, status,0, pclath, cstack
 Tracked objects:
		On entry : 
		On exit  : 
		Unchanged: 
 Data sizes:     COMMON   BANK0   BANK1   BANK2   BANK3   BANK4   BANK5   BANK6   BANK7   BANK8   BANK9  BANK10  BANK11  BANK12  BANK13  BANK14  BANK15  BANK16  BANK17  BANK18  BANK19  BANK20  BANK21  BANK22  BANK23  BANK24  BANK25
      Params:         0       0       0       0       0       0       0       0       0       0       0       0       0       0       0       0       0       0       0       0       0       0       0       0       0       0       0
      Locals:         0      29       0       0       0       0       0       0       0       0       0       0       0       0       0       0       0       0       0       0       0       0       0       0       0       0       0
      Temps:          0       1       0       0       0       0       0       0       0       0       0       0       0       0       0       0       0       0       0       0       0       0       0       0       0       0       0
      Totals:         0      30       0       0       0       0       0       0       0       0       0       0       0       0       0       0       0       0       0       0       0       0       0       0       0       0       0
Total ram usage:       30 bytes
 Hardware stack levels required when called:    7
 This function calls:
		_SYSTEM_Initialize
		_sendPWM
		_setZero
 This function is called by:
		Startup code after reset
 This function uses a non-reentrant model


 *************** function _setZero *****************
 Defined at:
		line 86 in file "main.c"
 Parameters:    Size  Location     Type
		None
 Auto vars:     Size  Location     Type
		None
 Return value:  Size  Location     Type
                  1    wreg      void 
 Registers used:
		status,2
 Tracked objects:
		On entry : 
		On exit  : 
		Unchanged: 
 Data sizes:     COMMON   BANK0   BANK1   BANK2   BANK3   BANK4   BANK5   BANK6   BANK7   BANK8   BANK9  BANK10  BANK11  BANK12  BANK13  BANK14  BANK15  BANK16  BANK17  BANK18  BANK19  BANK20  BANK21  BANK22  BANK23  BANK24  BANK25
      Params:         0       0       0       0       0       0       0       0       0       0       0       0       0       0       0       0       0       0       0       0       0       0       0       0       0       0       0
      Locals:         0       0       0       0       0       0       0       0       0       0       0       0       0       0       0       0       0       0       0       0       0       0       0       0       0       0       0
      Temps:          0       0       0       0       0       0       0       0       0       0       0       0       0       0       0       0       0       0       0       0       0       0       0       0       0       0       0
      Totals:         0       0       0       0       0       0       0       0       0       0       0       0       0       0       0       0       0       0       0       0       0       0       0       0       0       0       0
Total ram usage:        0 bytes
 Hardware stack levels used:    1
 Hardware stack levels required when called:    4
 This function calls:
		Nothing
 This function is called by:
		_main
 This function uses a non-reentrant model


 *************** function _sendPWM *****************
 Defined at:
		line 91 in file "main.c"
 Parameters:    Size  Location     Type
  data            1    wreg     PTR unsigned char 
		 -> main@dummy_data(23), 
 Auto vars:     Size  Location     Type
  data            1    3[COMMON] PTR unsigned char 
		 -> main@dummy_data(23), 
  j               1    2[COMMON] unsigned char 
 Return value:  Size  Location     Type
                  1    wreg      _Bool 
 Registers used:
		wreg, fsr1l, fsr1h, status,2, status,0, pclath, cstack
 Tracked objects:
		On entry : 
		On exit  : 
		Unchanged: 
 Data sizes:     COMMON   BANK0   BANK1   BANK2   BANK3   BANK4   BANK5   BANK6   BANK7   BANK8   BANK9  BANK10  BANK11  BANK12  BANK13  BANK14  BANK15  BANK16  BANK17  BANK18  BANK19  BANK20  BANK21  BANK22  BANK23  BANK24  BANK25
      Params:         0       0       0       0       0       0       0       0       0       0       0       0       0       0       0       0       0       0       0       0       0       0       0       0       0       0       0
      Locals:         2       0       0       0       0       0       0       0       0       0       0       0       0       0       0       0       0       0       0       0       0       0       0       0       0       0       0
      Temps:          1       0       0       0       0       0       0       0       0       0       0       0       0       0       0       0       0       0       0       0       0       0       0       0       0       0       0
      Totals:         3       0       0       0       0       0       0       0       0       0       0       0       0       0       0       0       0       0       0       0       0       0       0       0       0       0       0
Total ram usage:        3 bytes
 Hardware stack levels used:    1
 Hardware stack levels required when called:    5
 This function calls:
		_setHigh
		_setLow
 This function is called by:
		_main
		_sendFloat
 This function uses a non-reentrant model


 *************** function _setLow *****************
 Defined at:
		line 79 in file "main.c"
 Parameters:    Size  Location     Type
		None
 Auto vars:     Size  Location     Type
		None
 Return value:  Size  Location     Type
                  1    wreg      void 
 Registers used:
		wreg
 Tracked objects:
		On entry : 
		On exit  : 
		Unchanged: 
 Data sizes:     COMMON   BANK0   BANK1   BANK2   BANK3   BANK4   BANK5   BANK6   BANK7   BANK8   BANK9  BANK10  BANK11  BANK12  BANK13  BANK14  BANK15  BANK16  BANK17  BANK18  BANK19  BANK20  BANK21  BANK22  BANK23  BANK24  BANK25
      Params:         0       0       0       0       0       0       0       0       0       0       0       0       0       0       0       0       0       0       0       0       0       0       0       0       0       0       0
      Locals:         0       0       0       0       0       0       0       0       0       0       0       0       0       0       0       0       0       0       0       0       0       0       0       0       0       0       0
      Temps:          0       0       0       0       0       0       0       0       0       0       0       0       0       0       0       0       0       0       0       0       0       0       0       0       0       0       0
      Totals:         0       0       0       0       0       0       0       0       0       0       0       0       0       0       0       0       0       0       0       0       0       0       0       0       0       0       0
Total ram usage:        0 bytes
 Hardware stack levels used:    1
 Hardware stack levels required when called:    4
 This function calls:
		Nothing
 This function is called by:
		_sendPWM
 This function uses a non-reentrant model


 *************** function _setHigh *****************
 Defined at:
		line 71 in file "main.c"
 Parameters:    Size  Location     Type
		None
 Auto vars:     Size  Location     Type
		None
 Return value:  Size  Location     Type
                  1    wreg      void 
 Registers used:
		wreg
 Tracked objects:
		On entry : 
		On exit  : 
		Unchanged: 
 Data sizes:     COMMON   BANK0   BANK1   BANK2   BANK3   BANK4   BANK5   BANK6   BANK7   BANK8   BANK9  BANK10  BANK11  BANK12  BANK13  BANK14  BANK15  BANK16  BANK17  BANK18  BANK19  BANK20  BANK21  BANK22  BANK23  BANK24  BANK25
      Params:         0       0       0       0       0       0       0       0       0       0       0       0       0       0       0       0       0       0       0       0       0       0       0       0       0       0       0
      Locals:         0       0       0       0       0       0       0       0       0       0       0       0       0       0       0       0       0       0       0       0       0       0       0       0       0       0       0
      Temps:          0       0       0       0       0       0       0       0       0       0       0       0       0       0       0       0       0       0       0       0       0       0       0       0       0       0       0
      Totals:         0       0       0       0       0       0       0       0       0       0       0       0       0       0       0       0       0       0       0       0       0       0       0       0       0       0       0
Total ram usage:        0 bytes
 Hardware stack levels used:    1
 Hardware stack levels required when called:    4
 This function calls:
		Nothing
 This function is called by:
		_sendPWM
 This function uses a non-reentrant model


 *************** function _SYSTEM_Initialize *****************
 Defined at:
		line 50 in file "mcc_generated_files/mcc.c"
 Parameters:    Size  Location     Type
		None
 Auto vars:     Size  Location     Type
		None
 Return value:  Size  Location     Type
                  1    wreg      void 
 Registers used:
		wreg, status,2, status,0, pclath, cstack
 Tracked objects:
		On entry : 
		On exit  : 
		Unchanged: 
 Data sizes:     COMMON   BANK0   BANK1   BANK2   BANK3   BANK4   BANK5   BANK6   BANK7   BANK8   BANK9  BANK10  BANK11  BANK12  BANK13  BANK14  BANK15  BANK16  BANK17  BANK18  BANK19  BANK20  BANK21  BANK22  BANK23  BANK24  BANK25
      Params:         0       0       0       0       0       0       0       0       0       0       0       0       0       0       0       0       0       0       0       0       0       0       0       0       0       0       0
      Locals:         0       0       0       0       0       0       0       0       0       0       0       0       0       0       0       0       0       0       0       0       0       0       0       0       0       0       0
      Temps:          0       0       0       0       0       0       0       0       0       0       0       0       0       0       0       0       0       0       0       0       0       0       0       0       0       0       0
      Totals:         0       0       0       0       0       0       0       0       0       0       0       0       0       0       0       0       0       0       0       0       0       0       0       0       0       0       0
Total ram usage:        0 bytes
 Hardware stack levels used:    1
 Hardware stack levels required when called:    6
 This function calls:
		_EUSART_Initialize
		_I2C1_Initialize
		_OSCILLATOR_Initialize
		_PIN_MANAGER_Initialize
		_PMD_Initialize
		_PWM5_Initialize
		_TMR2_Initialize
		_WDT_Initialize
 This function is called by:
		_main
 This function uses a non-reentrant model


 *************** function _WDT_Initialize *****************
 Defined at:
		line 77 in file "mcc_generated_files/mcc.c"
 Parameters:    Size  Location     Type
		None
 Auto vars:     Size  Location     Type
		None
 Return value:  Size  Location     Type
                  1    wreg      void 
 Registers used:
		wreg
 Tracked objects:
		On entry : 
		On exit  : 
		Unchanged: 
 Data sizes:     COMMON   BANK0   BANK1   BANK2   BANK3   BANK4   BANK5   BANK6   BANK7   BANK8   BANK9  BANK10  BANK11  BANK12  BANK13  BANK14  BANK15  BANK16  BANK17  BANK18  BANK19  BANK20  BANK21  BANK22  BANK23  BANK24  BANK25
      Params:         0       0       0       0       0       0       0       0       0       0       0       0       0       0       0       0       0       0       0       0       0       0       0       0       0       0       0
      Locals:         0       0       0       0       0       0       0       0       0       0       0       0       0       0       0       0       0       0       0       0       0       0       0       0       0       0       0
      Temps:          0       0       0       0       0       0       0       0       0       0       0       0       0       0       0       0       0       0       0       0       0       0       0       0       0       0       0
      Totals:         0       0       0       0       0       0       0       0       0       0       0       0       0       0       0       0       0       0       0       0       0       0       0       0       0       0       0
Total ram usage:        0 bytes
 Hardware stack levels used:    1
 Hardware stack levels required when called:    4
 This function calls:
		Nothing
 This function is called by:
		_SYSTEM_Initialize
 This function uses a non-reentrant model


 *************** function _TMR2_Initialize *****************
 Defined at:
		line 62 in file "mcc_generated_files/tmr2.c"
 Parameters:    Size  Location     Type
		None
 Auto vars:     Size  Location     Type
		None
 Return value:  Size  Location     Type
                  1    wreg      void 
 Registers used:
		wreg, status,2
 Tracked objects:
		On entry : 
		On exit  : 
		Unchanged: 
 Data sizes:     COMMON   BANK0   BANK1   BANK2   BANK3   BANK4   BANK5   BANK6   BANK7   BANK8   BANK9  BANK10  BANK11  BANK12  BANK13  BANK14  BANK15  BANK16  BANK17  BANK18  BANK19  BANK20  BANK21  BANK22  BANK23  BANK24  BANK25
      Params:         0       0       0       0       0       0       0       0       0       0       0       0       0       0       0       0       0       0       0       0       0       0       0       0       0       0       0
      Locals:         0       0       0       0       0       0       0       0       0       0       0       0       0       0       0       0       0       0       0       0       0       0       0       0       0       0       0
      Temps:          0       0       0       0       0       0       0       0       0       0       0       0       0       0       0       0       0       0       0       0       0       0       0       0       0       0       0
      Totals:         0       0       0       0       0       0       0       0       0       0       0       0       0       0       0       0       0       0       0       0       0       0       0       0       0       0       0
Total ram usage:        0 bytes
 Hardware stack levels used:    1
 Hardware stack levels required when called:    4
 This function calls:
		Nothing
 This function is called by:
		_SYSTEM_Initialize
 This function uses a non-reentrant model


 *************** function _PWM5_Initialize *****************
 Defined at:
		line 58 in file "mcc_generated_files/pwm5.c"
 Parameters:    Size  Location     Type
		None
 Auto vars:     Size  Location     Type
		None
 Return value:  Size  Location     Type
                  1    wreg      void 
 Registers used:
		wreg, status,2, status,0
 Tracked objects:
		On entry : 
		On exit  : 
		Unchanged: 
 Data sizes:     COMMON   BANK0   BANK1   BANK2   BANK3   BANK4   BANK5   BANK6   BANK7   BANK8   BANK9  BANK10  BANK11  BANK12  BANK13  BANK14  BANK15  BANK16  BANK17  BANK18  BANK19  BANK20  BANK21  BANK22  BANK23  BANK24  BANK25
      Params:         0       0       0       0       0       0       0       0       0       0       0       0       0       0       0       0       0       0       0       0       0       0       0       0       0       0       0
      Locals:         0       0       0       0       0       0       0       0       0       0       0       0       0       0       0       0       0       0       0       0       0       0       0       0       0       0       0
      Temps:          0       0       0       0       0       0       0       0       0       0       0       0       0       0       0       0       0       0       0       0       0       0       0       0       0       0       0
      Totals:         0       0       0       0       0       0       0       0       0       0       0       0       0       0       0       0       0       0       0       0       0       0       0       0       0       0       0
Total ram usage:        0 bytes
 Hardware stack levels used:    1
 Hardware stack levels required when called:    4
 This function calls:
		Nothing
 This function is called by:
		_SYSTEM_Initialize
 This function uses a non-reentrant model


 *************** function _PMD_Initialize *****************
 Defined at:
		line 83 in file "mcc_generated_files/mcc.c"
 Parameters:    Size  Location     Type
		None
 Auto vars:     Size  Location     Type
		None
 Return value:  Size  Location     Type
                  1    wreg      void 
 Registers used:
		status,2
 Tracked objects:
		On entry : 
		On exit  : 
		Unchanged: 
 Data sizes:     COMMON   BANK0   BANK1   BANK2   BANK3   BANK4   BANK5   BANK6   BANK7   BANK8   BANK9  BANK10  BANK11  BANK12  BANK13  BANK14  BANK15  BANK16  BANK17  BANK18  BANK19  BANK20  BANK21  BANK22  BANK23  BANK24  BANK25
      Params:         0       0       0       0       0       0       0       0       0       0       0       0       0       0       0       0       0       0       0       0       0       0       0       0       0       0       0
      Locals:         0       0       0       0       0       0       0       0       0       0       0       0       0       0       0       0       0       0       0       0       0       0       0       0       0       0       0
      Temps:          0       0       0       0       0       0       0       0       0       0       0       0       0       0       0       0       0       0       0       0       0       0       0       0       0       0       0
      Totals:         0       0       0       0       0       0       0       0       0       0       0       0       0       0       0       0       0       0       0       0       0       0       0       0       0       0       0
Total ram usage:        0 bytes
 Hardware stack levels used:    1
 Hardware stack levels required when called:    4
 This function calls:
		Nothing
 This function is called by:
		_SYSTEM_Initialize
 This function uses a non-reentrant model


 *************** function _PIN_MANAGER_Initialize *****************
 Defined at:
		line 55 in file "mcc_generated_files/pin_manager.c"
 Parameters:    Size  Location     Type
		None
 Auto vars:     Size  Location     Type
		None
 Return value:  Size  Location     Type
                  1    wreg      void 
 Registers used:
		wreg, status,2
 Tracked objects:
		On entry : 
		On exit  : 
		Unchanged: 
 Data sizes:     COMMON   BANK0   BANK1   BANK2   BANK3   BANK4   BANK5   BANK6   BANK7   BANK8   BANK9  BANK10  BANK11  BANK12  BANK13  BANK14  BANK15  BANK16  BANK17  BANK18  BANK19  BANK20  BANK21  BANK22  BANK23  BANK24  BANK25
      Params:         0       0       0       0       0       0       0       0       0       0       0       0       0       0       0       0       0       0       0       0       0       0       0       0       0       0       0
      Locals:         0       0       0       0       0       0       0       0       0       0       0       0       0       0       0       0       0       0       0       0       0       0       0       0       0       0       0
      Temps:          0       0       0       0       0       0       0       0       0       0       0       0       0       0       0       0       0       0       0       0       0       0       0       0       0       0       0
      Totals:         0       0       0       0       0       0       0       0       0       0       0       0       0       0       0       0       0       0       0       0       0       0       0       0       0       0       0
Total ram usage:        0 bytes
 Hardware stack levels used:    1
 Hardware stack levels required when called:    4
 This function calls:
		Nothing
 This function is called by:
		_SYSTEM_Initialize
 This function uses a non-reentrant model


 *************** function _OSCILLATOR_Initialize *****************
 Defined at:
		line 63 in file "mcc_generated_files/mcc.c"
 Parameters:    Size  Location     Type
		None
 Auto vars:     Size  Location     Type
		None
 Return value:  Size  Location     Type
                  1    wreg      void 
 Registers used:
		wreg, status,2
 Tracked objects:
		On entry : 
		On exit  : 
		Unchanged: 
 Data sizes:     COMMON   BANK0   BANK1   BANK2   BANK3   BANK4   BANK5   BANK6   BANK7   BANK8   BANK9  BANK10  BANK11  BANK12  BANK13  BANK14  BANK15  BANK16  BANK17  BANK18  BANK19  BANK20  BANK21  BANK22  BANK23  BANK24  BANK25
      Params:         0       0       0       0       0       0       0       0       0       0       0       0       0       0       0       0       0       0       0       0       0       0       0       0       0       0       0
      Locals:         0       0       0       0       0       0       0       0       0       0       0       0       0       0       0       0       0       0       0       0       0       0       0       0       0       0       0
      Temps:          0       0       0       0       0       0       0       0       0       0       0       0       0       0       0       0       0       0       0       0       0       0       0       0       0       0       0
      Totals:         0       0       0       0       0       0       0       0       0       0       0       0       0       0       0       0       0       0       0       0       0       0       0       0       0       0       0
Total ram usage:        0 bytes
 Hardware stack levels used:    1
 Hardware stack levels required when called:    4
 This function calls:
		Nothing
 This function is called by:
		_SYSTEM_Initialize
 This function uses a non-reentrant model


 *************** function _I2C1_Initialize *****************
 Defined at:
		line 167 in file "mcc_generated_files/i2c1_master.c"
 Parameters:    Size  Location     Type
		None
 Auto vars:     Size  Location     Type
		None
 Return value:  Size  Location     Type
                  1    wreg      void 
 Registers used:
		wreg, status,2
 Tracked objects:
		On entry : 
		On exit  : 
		Unchanged: 
 Data sizes:     COMMON   BANK0   BANK1   BANK2   BANK3   BANK4   BANK5   BANK6   BANK7   BANK8   BANK9  BANK10  BANK11  BANK12  BANK13  BANK14  BANK15  BANK16  BANK17  BANK18  BANK19  BANK20  BANK21  BANK22  BANK23  BANK24  BANK25
      Params:         0       0       0       0       0       0       0       0       0       0       0       0       0       0       0       0       0       0       0       0       0       0       0       0       0       0       0
      Locals:         0       0       0       0       0       0       0       0       0       0       0       0       0       0       0       0       0       0       0       0       0       0       0       0       0       0       0
      Temps:          0       0       0       0       0       0       0       0       0       0       0       0       0       0       0       0       0       0       0       0       0       0       0       0       0       0       0
      Totals:         0       0       0       0       0       0       0       0       0       0       0       0       0       0       0       0       0       0       0       0       0       0       0       0       0       0       0
Total ram usage:        0 bytes
 Hardware stack levels used:    1
 Hardware stack levels required when called:    4
 This function calls:
		Nothing
 This function is called by:
		_SYSTEM_Initialize
 This function uses a non-reentrant model


 *************** function _EUSART_Initialize *****************
 Defined at:
		line 88 in file "mcc_generated_files/eusart.c"
 Parameters:    Size  Location     Type
		None
 Auto vars:     Size  Location     Type
		None
 Return value:  Size  Location     Type
                  1    wreg      void 
 Registers used:
		wreg, status,2, status,0, pclath, cstack
 Tracked objects:
		On entry : 
		On exit  : 
		Unchanged: 
 Data sizes:     COMMON   BANK0   BANK1   BANK2   BANK3   BANK4   BANK5   BANK6   BANK7   BANK8   BANK9  BANK10  BANK11  BANK12  BANK13  BANK14  BANK15  BANK16  BANK17  BANK18  BANK19  BANK20  BANK21  BANK22  BANK23  BANK24  BANK25
      Params:         0       0       0       0       0       0       0       0       0       0       0       0       0       0       0       0       0       0       0       0       0       0       0       0       0       0       0
      Locals:         0       0       0       0       0       0       0       0       0       0       0       0       0       0       0       0       0       0       0       0       0       0       0       0       0       0       0
      Temps:          1       0       0       0       0       0       0       0       0       0       0       0       0       0       0       0       0       0       0       0       0       0       0       0       0       0       0
      Totals:         1       0       0       0       0       0       0       0       0       0       0       0       0       0       0       0       0       0       0       0       0       0       0       0       0       0       0
Total ram usage:        1 bytes
 Hardware stack levels used:    1
 Hardware stack levels required when called:    5
 This function calls:
		_EUSART_SetErrorHandler
		_EUSART_SetFramingErrorHandler
		_EUSART_SetOverrunErrorHandler
		_EUSART_SetRxInterruptHandler
		_EUSART_SetTxInterruptHandler
 This function is called by:
		_SYSTEM_Initialize
 This function uses a non-reentrant model


 *************** function _EUSART_SetTxInterruptHandler *****************
 Defined at:
		line 285 in file "mcc_generated_files/eusart.c"
 Parameters:    Size  Location     Type
  interruptHan    2    1[COMMON] PTR FTN()void 
		 -> EUSART_Transmit_ISR(1), 
 Auto vars:     Size  Location     Type
		None
 Return value:  Size  Location     Type
                  1    wreg      void 
 Registers used:
		wreg
 Tracked objects:
		On entry : 
		On exit  : 
		Unchanged: 
 Data sizes:     COMMON   BANK0   BANK1   BANK2   BANK3   BANK4   BANK5   BANK6   BANK7   BANK8   BANK9  BANK10  BANK11  BANK12  BANK13  BANK14  BANK15  BANK16  BANK17  BANK18  BANK19  BANK20  BANK21  BANK22  BANK23  BANK24  BANK25
      Params:         2       0       0       0       0       0       0       0       0       0       0       0       0       0       0       0       0       0       0       0       0       0       0       0       0       0       0
      Locals:         0       0       0       0       0       0       0       0       0       0       0       0       0       0       0       0       0       0       0       0       0       0       0       0       0       0       0
[...]
      Locals:         0       0       0       0       0       0       0       0       0       0       0       0       0       0       0       0       0       0       0       0       0       0       0       0       0       0       0
      Temps:          0       0       0       0       0       0       0       0       0       0       0       0       0       0       0       0       0       0       0       0       0       0       0       0       0       0       0
      Totals:         2       0       0       0       0       0       0       0       0       0       0       0       0       0       0       0       0       0       0       0       0       0       0       0       0       0       0
Total ram usage:        2 bytes
 Hardware stack levels used:    1
 Hardware stack levels required when called:    4
 This function calls:
		Nothing
 This function is called by:
		_EUSART_Initialize
 This function uses a non-reentrant model


 *************** function _EUSART_SetFramingErrorHandler *****************
 Defined at:
		line 273 in file "mcc_generated_files/eusart.c"
 Parameters:    Size  Location     Type
  interruptHan    2    1[COMMON] PTR FTN()void 
		 -> EUSART_DefaultFramingErrorHandler(1), 
 Auto vars:     Size  Location     Type
		None
 Return value:  Size  Location     Type
                  1    wreg      void 
 Registers used:
		wreg
 Tracked objects:
		On entry : 
		On exit  : 
		Unchanged: 
 Data sizes:     COMMON   BANK0   BANK1   BANK2   BANK3   BANK4   BANK5   BANK6   BANK7   BANK8   BANK9  BANK10  BANK11  BANK12  BANK13  BANK14  BANK15  BANK16  BANK17  BANK18  BANK19  BANK20  BANK21  BANK22  BANK23  BANK24  BANK25
      Params:         2       0       0       0       0       0       0       0       0       0       0       0       0       0       0       0       0       0       0       0       0       0       0       0       0       0       0
      Locals:         0       0       0       0       0       0       0       0       0       0       0       0       0       0       0       0       0       0       0       0       0       0       0       0       0       0       0
      Temps:          0       0       0       0       0       0       0       0       0       0       0       0       0       0       0       0       0       0       0       0       0       0       0       0       0       0       0
      Totals:         2       0       0       0       0       0       0       0       0       0       0       0       0       0       0       0       0       0       0       0       0       0       0       0       0       0       0
Total ram usage:        2 bytes
 Hardware stack levels used:    1
 Hardware stack levels required when called:    4
 This function calls:
		Nothing
 This function is called by:
		_EUSART_Initialize
 This function uses a non-reentrant model


 *************** function _EUSART_SetErrorHandler *****************
 Defined at:
		line 281 in file "mcc_generated_files/eusart.c"
 Parameters:    Size  Location     Type
  interruptHan    2    1[COMMON] PTR FTN()void 
		 -> EUSART_DefaultErrorHandler(1), 
 Auto vars:     Size  Location     Type
		None
 Return value:  Size  Location     Type
                  1    wreg      void 
 Registers used:
		wreg
 Tracked objects:
		On entry : 
		On exit  : 
		Unchanged: 
 Data sizes:     COMMON   BANK0   BANK1   BANK2   BANK3   BANK4   BANK5   BANK6   BANK7   BANK8   BANK9  BANK10  BANK11  BANK12  BANK13  BANK14  BANK15  BANK16  BANK17  BANK18  BANK19  BANK20  BANK21  BANK22  BANK23  BANK24  BANK25
      Params:         2       0       0       0       0       0       0       0       0       0       0       0       0       0       0       0       0       0       0       0       0       0       0       0       0       0       0
      Locals:         0       0       0       0       0       0       0       0       0       0       0       0       0       0       0       0       0       0       0       0       0       0       0       0       0       0       0
      Temps:          0       0       0       0       0       0       0       0       0       0       0       0       0       0       0       0       0       0       0       0       0       0       0       0       0       0       0
      Totals:         2       0       0       0       0       0       0       0       0       0       0       0       0       0       0       0       0       0       0       0       0       0       0       0       0       0       0
Total ram usage:        2 bytes
 Hardware stack levels used:    1
 Hardware stack levels required when called:    4
 This function calls:
		Nothing
 This function is called by:
		_EUSART_Initialize
 This function uses a non-reentrant model


 *************** function _INTERRUPT_InterruptManager *****************
 Defined at:
		line 52 in file "mcc_generated_files/interrupt_manager.c"
 Parameters:    Size  Location     Type
		None
 Auto vars:     Size  Location     Type
		None
 Return value:  Size  Location     Type
                  1    wreg      void 
 Registers used:
		wreg, fsr1l, fsr1h, status,2, status,0, pclath, cstack
 Tracked objects:
		On entry : 
		On exit  : 
		Unchanged: 
 Data sizes:     COMMON   BANK0   BANK1   BANK2   BANK3   BANK4   BANK5   BANK6   BANK7   BANK8   BANK9  BANK10  BANK11  BANK12  BANK13  BANK14  BANK15  BANK16  BANK17  BANK18  BANK19  BANK20  BANK21  BANK22  BANK23  BANK24  BANK25
      Params:         0       0       0       0       0       0       0       0       0       0       0       0       0       0       0       0       0       0       0       0       0       0       0       0       0       0       0
      Locals:         0       0       0       0       0       0       0       0       0       0       0       0       0       0       0       0       0       0       0       0       0       0       0       0       0       0       0
      Temps:          0       0       0       0       0       0       0       0       0       0       0       0       0       0       0       0       0       0       0       0       0       0       0       0       0       0       0
      Totals:         0       0       0       0       0       0       0       0       0       0       0       0       0       0       0       0       0       0       0       0       0       0       0       0       0       0       0
Total ram usage:        0 bytes
 Hardware stack levels used:    1
 Hardware stack levels required when called:    3
 This function calls:
		Absolute function
		_EUSART_Receive_ISR
		_EUSART_Transmit_ISR
 This function is called by:
		Interrupt level 1
 This function uses a non-reentrant model


 *************** function _EUSART_Transmit_ISR *****************
 Defined at:
		line 206 in file "mcc_generated_files/eusart.c"
 Parameters:    Size  Location     Type
		None
 Auto vars:     Size  Location     Type
		None
 Return value:  Size  Location     Type
                  1    wreg      void 
 Registers used:
		wreg, fsr1l, fsr1h, status,2, status,0
 Tracked objects:
		On entry : 
		On exit  : 
		Unchanged: 
 Data sizes:     COMMON   BANK0   BANK1   BANK2   BANK3   BANK4   BANK5   BANK6   BANK7   BANK8   BANK9  BANK10  BANK11  BANK12  BANK13  BANK14  BANK15  BANK16  BANK17  BANK18  BANK19  BANK20  BANK21  BANK22  BANK23  BANK24  BANK25
      Params:         0       0       0       0       0       0       0       0       0       0       0       0       0       0       0       0       0       0       0       0       0       0       0       0       0       0       0
      Locals:         0       0       0       0       0       0       0       0       0       0       0       0       0       0       0       0       0       0       0       0       0       0       0       0       0       0       0
      Temps:          1       0       0       0       0       0       0       0       0       0       0       0       0       0       0       0       0       0       0       0       0       0       0       0       0       0       0
      Totals:         1       0       0       0       0       0       0       0       0       0       0       0       0       0       0       0       0       0       0       0       0       0       0       0       0       0       0
Total ram usage:        1 bytes
 Hardware stack levels used:    1
 This function calls:
		Nothing
 This function is called by:
		_EUSART_Initialize
		_INTERRUPT_InterruptManager
 This function uses a non-reentrant model


 *************** function _EUSART_Receive_ISR *****************
 Defined at:
		line 225 in file "mcc_generated_files/eusart.c"
 Parameters:    Size  Location     Type
		None
 Auto vars:     Size  Location     Type
		None
 Return value:  Size  Location     Type
                  1    wreg      void 
 Registers used:
		wreg, fsr1l, fsr1h, status,2, status,0, pclath, cstack
 Tracked objects:
		On entry : 
		On exit  : 
		Unchanged: 
 Data sizes:     COMMON   BANK0   BANK1   BANK2   BANK3   BANK4   BANK5   BANK6   BANK7   BANK8   BANK9  BANK10  BANK11  BANK12  BANK13  BANK14  BANK15  BANK16  BANK17  BANK18  BANK19  BANK20  BANK21  BANK22  BANK23  BANK24  BANK25
      Params:         0       0       0       0       0       0       0       0       0       0       0       0       0       0       0       0       0       0       0       0       0       0       0       0       0       0       0
      Locals:         0       0       0       0       0       0       0       0       0       0       0       0       0       0       0       0       0       0       0       0       0       0       0       0       0       0       0
      Temps:          0       0       0       0       0       0       0       0       0       0       0       0       0       0       0       0       0       0       0       0       0       0       0       0       0       0       0
      Totals:         0       0       0       0       0       0       0       0       0       0       0       0       0       0       0       0       0       0       0       0       0       0       0       0       0       0       0
Total ram usage:        0 bytes
 Hardware stack levels used:    1
 Hardware stack levels required when called:    2
 This function calls:
		Absolute function
		_EUSART_DefaultErrorHandler
		_EUSART_DefaultFramingErrorHandler
		_EUSART_DefaultOverrunErrorHandler
		_EUSART_RxDataHandler
 This function is called by:
		_EUSART_Initialize
		_INTERRUPT_InterruptManager
 This function uses a non-reentrant model


 *************** function _EUSART_DefaultOverrunErrorHandler *****************
 Defined at:
		line 261 in file "mcc_generated_files/eusart.c"
 Parameters:    Size  Location     Type
		None
 Auto vars:     Size  Location     Type
		None
 Return value:  Size  Location     Type
                  1    wreg      void 
 Registers used:
		None
 Tracked objects:
		On entry : 
		On exit  : 
		Unchanged: 
 Data sizes:     COMMON   BANK0   BANK1   BANK2   BANK3   BANK4   BANK5   BANK6   BANK7   BANK8   BANK9  BANK10  BANK11  BANK12  BANK13  BANK14  BANK15  BANK16  BANK17  BANK18  BANK19  BANK20  BANK21  BANK22  BANK23  BANK24  BANK25
      Params:         0       0       0       0       0       0       0       0       0       0       0       0       0       0       0       0       0       0       0       0       0       0       0       0       0       0       0
      Locals:         0       0       0       0       0       0       0       0       0       0       0       0       0       0       0       0       0       0       0       0       0       0       0       0       0       0       0
      Temps:          0       0       0       0       0       0       0       0       0       0       0       0       0       0       0       0       0       0       0       0       0       0       0       0       0       0       0
      Totals:         0       0       0       0       0       0       0       0       0       0       0       0       0       0       0       0       0       0       0       0       0       0       0       0       0       0       0
Total ram usage:        0 bytes
 Hardware stack levels used:    1
 This function calls:
		Nothing
 This function is called by:
		_EUSART_Initialize
		_EUSART_Receive_ISR
 This function uses a non-reentrant model


 *************** function _EUSART_DefaultFramingErrorHandler *****************
 Defined at:
		line 259 in file "mcc_generated_files/eusart.c"
 Parameters:    Size  Location     Type
		None
 Auto vars:     Size  Location     Type
		None
 Return value:  Size  Location     Type
                  1    wreg      void 
 Registers used:
		None
 Tracked objects:
		On entry : 
		On exit  : 
		Unchanged: 
 Data sizes:     COMMON   BANK0   BANK1   BANK2   BANK3   BANK4   BANK5   BANK6   BANK7   BANK8   BANK9  BANK10  BANK11  BANK12  BANK13  BANK14  BANK15  BANK16  BANK17  BANK18  BANK19  BANK20  BANK21  BANK22  BANK23  BANK24  BANK25
      Params:         0       0       0       0       0       0       0       0       0       0       0       0       0       0       0       0       0       0       0       0       0       0       0       0       0       0       0
      Locals:         0       0       0       0       0       0       0       0       0       0       0       0       0       0       0       0       0       0       0       0       0       0       0       0       0       0       0
      Temps:          0       0       0       0       0       0       0       0       0       0       0       0       0       0       0       0       0       0       0       0       0       0       0       0       0       0       0
      Totals:         0       0       0       0       0       0       0       0       0       0       0       0       0       0       0       0       0       0       0       0       0       0       0       0       0       0       0
Total ram usage:        0 bytes
 Hardware stack levels used:    1
 This function calls:
		Nothing
 This function is called by:
		_EUSART_Initialize
		_EUSART_Receive_ISR
 This function uses a non-reentrant model


 *************** function _EUSART_DefaultErrorHandler *****************
 Defined at:
		line 269 in file "mcc_generated_files/eusart.c"
 Parameters:    Size  Location     Type
		None
 Auto vars:     Size  Location     Type
		None
 Return value:  Size  Location     Type
                  1    wreg      void 
 Registers used:
		wreg, fsr1l, fsr1h, status,2, status,0, pclath, cstack
 Tracked objects:
		On entry : 
		On exit  : 
		Unchanged: 
 Data sizes:     COMMON   BANK0   BANK1   BANK2   BANK3   BANK4   BANK5   BANK6   BANK7   BANK8   BANK9  BANK10  BANK11  BANK12  BANK13  BANK14  BANK15  BANK16  BANK17  BANK18  BANK19  BANK20  BANK21  BANK22  BANK23  BANK24  BANK25
      Params:         0       0       0       0       0       0       0       0       0       0       0       0       0       0       0       0       0       0       0       0       0       0       0       0       0       0       0
      Locals:         0       0       0       0       0       0       0       0       0       0       0       0       0       0       0       0       0       0       0       0       0       0       0       0       0       0       0
      Temps:          0       0       0       0       0       0       0       0       0       0       0       0       0       0       0       0       0       0       0       0       0       0       0       0       0       0       0
      Totals:         0       0       0       0       0       0       0       0       0       0       0       0       0       0       0       0       0       0       0       0       0       0       0       0       0       0       0
Total ram usage:        0 bytes
 Hardware stack levels used:    1
 Hardware stack levels required when called:    1
 This function calls:
		_EUSART_RxDataHandler
 This function is called by:
		_EUSART_Initialize
		_EUSART_Receive_ISR
 This function uses a non-reentrant model


 *************** function _EUSART_RxDataHandler *****************
 Defined at:
		line 249 in file "mcc_generated_files/eusart.c"
 Parameters:    Size  Location     Type
		None
 Auto vars:     Size  Location     Type
		None
 Return value:  Size  Location     Type
                  1    wreg      void 
 Registers used:
		wreg, fsr1l, fsr1h, status,2, status,0
 Tracked objects:
		On entry : 
		On exit  : 
		Unchanged: 
 Data sizes:     COMMON   BANK0   BANK1   BANK2   BANK3   BANK4   BANK5   BANK6   BANK7   BANK8   BANK9  BANK10  BANK11  BANK12  BANK13  BANK14  BANK15  BANK16  BANK17  BANK18  BANK19  BANK20  BANK21  BANK22  BANK23  BANK24  BANK25
      Params:         0       0       0       0       0       0       0       0       0       0       0       0       0       0       0       0       0       0       0       0       0       0       0       0       0       0       0
      Locals:         0       0       0       0       0       0       0       0       0       0       0       0       0       0       0       0       0       0       0       0       0       0       0       0       0       0       0
      Temps:          1       0       0       0       0       0       0       0       0       0       0       0       0       0       0       0       0       0       0       0       0       0       0       0       0       0       0
      Totals:         1       0       0       0       0       0       0       0       0       0       0       0       0       0       0       0       0       0       0       0       0       0       0       0       0       0       0
Total ram usage:        1 bytes
 Hardware stack levels used:    1
 This function calls:
		Nothing
 This function is called by:
		_EUSART_Receive_ISR
		_EUSART_DefaultErrorHandler
 This function uses a non-reentrant model



MODULE INFORMATION

Module		Function		Class		Link	Load	Size
mcc_generated_files/i2c1_master.c
		_I2C1_Initialize		CODE           	0264	0000	10

mcc_generated_files/i2c1_master.c estimated size: 10

mcc_generated_files/tmr2.c
		_TMR2_Initialize		CODE           	026D	0000	9

mcc_generated_files/tmr2.c estimated size: 9

mcc_generated_files/interrupt_manager.c
		_INTERRUPT_InterruptManager		CODE           	0004	0000	41

mcc_generated_files/interrupt_manager.c estimated size: 41

mcc_generated_files/pin_manager.c
		_PIN_MANAGER_Initialize		CODE           	013D	0000	59

mcc_generated_files/pin_manager.c estimated size: 59

shared
		__initialization		CODE           	002E	0000	49
		_fsmStateTable 		STRCODE        	01D2	0000	33

shared estimated size: 82

mcc_generated_files/pwm5.c
		_PWM5_Initialize		CODE           	023B	0000	13

mcc_generated_files/pwm5.c estimated size: 13

mcc_generated_files/mcc.c
		_WDT_Initialize		CODE           	02AB	0000	5
		_PMD_Initialize		CODE           	0275	0000	9
		_OSCILLATOR_Initialize		CODE           	025B	0000	10
		_SYSTEM_Initialize		CODE           	01F2	0000	26

mcc_generated_files/mcc.c estimated size: 50

mcc_generated_files/eusart.c
		_EUSART_SetRxInterruptHandler		CODE           	028F	0000	7
		_EUSART_SetTxInterruptHandler		CODE           	0289	0000	7
		_EUSART_DefaultOverrunErrorHandler		CODE           	02AF	0000	5
		_EUSART_DefaultErrorHandler		CODE           	02B3	0000	5
		_EUSART_Transmit_ISR		CODE           	01B0	0000	35
		_EUSART_Initialize		CODE           	00FD	0000	65
		_EUSART_SetFramingErrorHandler		CODE           	029B	0000	7
		_EUSART_SetErrorHandler		CODE           	02A1	0000	7
		_EUSART_SetOverrunErrorHandler		CODE           	0295	0000	7
		_EUSART_Receive_ISR		CODE           	0177	0000	58
		_EUSART_RxDataHandler		CODE           	020B	0000	26
		_EUSART_DefaultFramingErrorHandler		CODE           	02BA	0000	2

mcc_generated_files/eusart.c estimated size: 231

main.c
		_setLow        		CODE           	0247	0000	11
		_setZero       		CODE           	02B7	0000	4
		_main          		CODE           	0062	0000	92
		_sendPWM       		CODE           	00BD	0000	65
		_setHigh       		CODE           	0251	0000	11

main.c estimated size: 183

