Microchip MPLAB XC8 Compiler V2.05 ()

Linker command line:

-W-3 --edf=C:\Program Files (x86)\Microchip\xc8\v2.05\pic\dat\en_msgs.txt \
  -cs -h+dist/default/production\sonic_telemetry_tx.production.sym \
  --cmf=dist/default/production\sonic_telemetry_tx.production.cmf -z \
  -Q16F18346 -oC:\Users\zameer\AppData\Local\Temp\s760.2 \
  --defsym=__MPLAB_BUILD=1 \
  -Mdist/default/production/sonic_telemetry_tx.production.map -E1 -ver=XC8 \
  --acfsm=1493 -ASTACK=021A7h-027EFh -pstack=STACK -ACODE=00h-07FFhx8 \
  -ASTRCODE=00h-03FFFh -ASTRING=00h-0FFhx64 -ACONST=00h-0FFhx64 \
  -AENTRY=00h-0FFhx64 -ACOMMON=070h-07Fh -ABANK0=020h-06Fh \
  -ABANK1=0A0h-0EFh -ABANK2=0120h-016Fh -ABANK3=01A0h-01EFh \
  -ABANK4=0220h-026Fh -ABANK5=02A0h-02EFh -ABANK6=0320h-036Fh \
  -ABANK7=03A0h-03EFh -ABANK8=0420h-046Fh -ABANK9=04A0h-04EFh \
  -ABANK10=0520h-056Fh -ABANK11=05A0h-05EFh -ABANK12=0620h-066Fh \
  -ABANK13=06A0h-06EFh -ABANK14=0720h-076Fh -ABANK15=07A0h-07EFh \
  -ABANK16=0820h-086Fh -ABANK17=08A0h-08EFh -ABANK18=0920h-096Fh \
  -ABANK19=09A0h-09EFh -ABANK20=0A20h-0A6Fh -ABANK21=0AA0h-0AEFh \
  -ABANK22=0B20h-0B6Fh -ABANK23=0BA0h-0BEFh -ABANK24=0C20h-0C6Fh \
  -ABANK25=0CA0h-0CBFh -ABIGRAM=02000h-027EFh \
  -ARAM=020h-06Fh,0A0h-0EFh,0120h-016Fh,01A0h-01EFh,0220h-026Fh,02A0h-02EFh,0320h-036Fh,03A0h-03EFh,0420h-046Fh,04A0h-04EFh,0520h-056Fh,05A0h-05EFh,0620h-066Fh,06A0h-06EFh,0720h-076Fh,07A0h-07EFh,0820h-086Fh,08A0h-08EFh,0920h-096Fh,09A0h-09EFh,0A20h-0A6Fh,0AA0h-0AEFh,0B20h-0B6Fh,0BA0h-0BEFh,0C20h-0C6Fh,0CA0h-0CBFh \
  -AABS1=020h-07Fh,0A0h-0EFh,0120h-016Fh,01A0h-01EFh,0220h-026Fh,02A0h-02EFh,0320h-036Fh,03A0h-03EFh,0420h-046Fh,04A0h-04EFh,0520h-056Fh,05A0h-05EFh,0620h-066Fh,06A0h-06EFh,0720h-076Fh,07A0h-07EFh,0820h-086Fh,08A0h-08EFh,0920h-096Fh,09A0h-09EFh,0A20h-0A6Fh,0AA0h-0AEFh,0B20h-0B6Fh,0BA0h-0BEFh,0C20h-0C6Fh,0CA0h-0CBFh \
  -ASFR0=00h-01Fh -ASFR1=080h-09Fh -ASFR2=0100h-011Fh -ASFR3=0180h-019Fh \
  -ASFR4=0200h-021Fh -ASFR5=0280h-029Fh -ASFR6=0300h-031Fh \
  -ASFR7=0380h-039Fh -ASFR8=0400h-041Fh -ASFR9=0480h-049Fh \
  -ASFR10=0500h-051Fh -ASFR11=0580h-059Fh -ASFR12=0600h-061Fh \
  -ASFR13=0680h-069Fh -ASFR14=0700h-071Fh -ASFR15=0780h-079Fh \
  -ASFR16=0800h-081Fh -ASFR17=0880h-089Fh -ASFR18=0900h-091Fh \
  -ASFR19=0980h-099Fh -ASFR20=0A00h-0A1Fh -ASFR21=0A80h-0A9Fh \
  -ASFR22=0B00h-0B1Fh -ASFR23=0B80h-0B9Fh -ASFR24=0C00h-0C1Fh \
  -ASFR25=0C80h-0C9Fh -ASFR26=0D00h-0D6Fh -ASFR27=0D80h-0DEFh \
  -ASFR28=0E00h-0E6Fh -ASFR29=0E80h-0EEFh -ASFR30=0F00h-0F6Fh \
  -ASFR31=0F80h-0FEFh -preset_vec=00h,intentry=04h,init,end_init \
  -ppowerup=CODE -pcinit=CODE -pfunctab=ENTRY -ACONFIG=08007h-0800Ah \
  -pconfig=CONFIG -DCONFIG=2 -AIDLOC=08000h-08003h -pidloc=IDLOC -DIDLOC=2 \
  -AEEDATA=00h-0FFh/0F000h -peeprom_data=EEDATA -DEEDATA=2 -DCODE=2 \
  -DSTRCODE=2 -DSTRING=2 -DCONST=2 -DENTRY=2 -k \
  C:\Users\zameer\AppData\Local\Temp\s760.o \
  dist/default/production\sonic_telemetry_tx.production.o 

Object code version is 3.11

Machine type is 16F18346



                Name                               Link     Load   Length Selector   Space Scale
C:\Users\zameer\AppData\Local\Temp\s760.o
                end_init                             23       23        2        8       0
                reset_vec                             0        0        2        0       0
                config                             8007     8007        4    1000E       0
dist/default/production\sonic_telemetry_tx.production.o
                cinit                                25       25       38        8       0
                intentry                              4        4       1F        8       0
                text103                            1F7B     1F7B       18     3EF6       0
                text102                            1DB1     1DB1        3     3B62       0
                text101                            1DAE     1DAE        1     3B5C       0
                text100                            1DD2     1DD2        4     3BA4       0
                text99                             11FC     11FC       34     23F8       0
                text98                             105B     105B       20     20B6       0
                text96                             1E1A     1E1A        6     3C34       0
                text95                             1E20     1E20        6     3C40       0
                text94                             1E26     1E26        6     3C4C       0
                text93                             1E2C     1E2C        6     3C58       0
                text92                             1E32     1E32        6     3C64       0
                text91                             12DC     12DC       43     25B8       0
                text90                             1E6F     1E6F        9     3CDE       0
                text89                             1E78     1E78        9     3CF0       0
                text88                             1265     1265       3A     24CA       0
                text87                             1E57     1E57        8     3CAE       0
                text86                             1EB3     1EB3        C     3D66       0
                text85                             1E5F     1E5F        8     3CBE       0
                text84                             1DD6     1DD6        4     3BAC       0
                text83                             1F93     1F93       18     3F26       0
                text82                             1DB4     1DB4        3     3B68       0
                text81                             1DB7     1DB7        3     3B6E       0
                text80                             1DBA     1DBA        3     3B74       0
                text79                             1004     1004       19     2008       0
                text78                             1DBD     1DBD        3     3B7A       0
                text77                             1DC0     1DC0        3     3B80       0
                text76                             1DC3     1DC3        3     3B86       0
                text75                             1ED7     1ED7        E     3DAE       0
                text74                             10E7     10E7       28     21CE       0
                text73                             1EBF     1EBF        C     3D7E       0
                text72                             1EE5     1EE5       10     3DCA       0
                text71                             1EF5     1EF5       10     3DEA       0
                text70                             1F05     1F05       10     3E0A       0
                text69                             1F15     1F15       10     3E2A       0
                text68                             1F36     1F36       17     3E6C       0
                text67                             1DAF     1DAF        2     3B5E       0
                text66                                2        2        2        0       0
                text65                             1DC6     1DC6        3     3B8C       0
                text64                             1DDA     1DDA        4     3BB4       0
                text63                             1DC9     1DC9        3     3B92       0
                text62                             1DDE     1DDE        4     3BBC       0
                text61                             1E06     1E06        5     3C0C       0
                text60                             1E38     1E38        6     3C70       0
                text59                             1DCC     1DCC        3     3B98       0
                text58                             1139     1139       2F     2272       0
                text57                             1E0B     1E0B        5     3C16       0
                text56                             1E67     1E67        8     3CCE       0
                text55                             1E50     1E50        7     3CA0       0
                text54                             149A     149A       52     2934       0
                text53                             1364     1364       47     26C8       0
                text52                             1E3E     1E3E        6     3C7C       0
                text51                             1DE2     1DE2        4     3BC4       0
                text50                             1DE6     1DE6        4     3BCC       0
                text49                             1DEA     1DEA        4     3BD4       0
                text48                             1DEE     1DEE        4     3BDC       0
                text47                             1DF2     1DF2        4     3BE4       0
                text46                             1DF6     1DF6        4     3BEC       0
                text45                             1DFA     1DFA        4     3BF4       0
                text44                             1E10     1E10        5     3C20       0
                text43                             1168     1168       2F     22D0       0
                text42                             110F     110F       2A     221E       0
                text41                             1DFE     1DFE        4     3BFC       0
                text40                             1E8A     1E8A        A     3D14       0
                text39                             1FC3     1FC3       1E     3F86       0
                text38                             1E02     1E02        4     3C04       0
                text37                             1EA8     1EA8        B     3D50       0
                text36                              7C9      7C9       37        8       0
                text35                             1ECB     1ECB        C     3D96       0
                text34                             1197     1197       32     232E       0
                text33                              849      849       96     1092       0
                text32                             1449     1449       51     2892       0
                text31                             131F     131F       45     263E       0
                text30                              8DF      8DF      17A     11BE       0
                text29                              800      800       49     1000       0
                text28                             162E     162E       7C     2C5C       0
                text27                             1FE1     1FE1       1F     3FC2       0
                text26                              DD4      DD4      22C     1BA8       0
                text25                             1E81     1E81        9     3D02       0
                text24                              BF2      BF2      1E2     17E4       0
                text23                             101D     101D       1F     203A       0
                text22                             14EC     14EC       65     29D8       0
                text21                             15B6     15B6       78     2B6C       0
                text20                              6F1      6F1       D8        8       0
                text19                             109D     109D       24     213A       0
                text18                             1E15     1E15        5     3C2A       0
                text17                             1230     1230       35     2460       0
                text16                             10C1     10C1       26     2182       0
                text15                             1FAB     1FAB       18     3F56       0
                text14                             13F9     13F9       50     27F2       0
                text13                             103C     103C       1F     2078       0
                text12                             1F4D     1F4D       17     3E9A       0
                text11                             107B     107B       22     20F6       0
                text10                               5D       5D      694        8       0
                text9                              13AB     13AB       4E     2756       0
                text8                               A59      A59      199     14B2       0
                text7                              11C9     11C9       33     2392       0
                text6                              1F25     1F25       11     3E4A       0
                text5                              16AA     16AA      156     2D54       0
                text4                              1E94     1E94        A     3D28       0
                text3                              1E9E     1E9E        A     3D3C       0
                text2                              129F     129F       3D     253E       0
                text1                              1DCF     1DCF        3     3B9E       0
                maintext                           1551     1551       65     2AA2       0
                cstackBANK0                          20       20       50       20       1
                cstackCOMMON                         70       70        C       70       1
                cstackBANK1                          A0       A0       4D       A0       1
                cstackBANK2                         120      120       26      120       1
                clrtext                            1E44     1E44        6     3C88       0
                inittext                           1E4A     1E4A        6     3C94       0
                dataBANK5                           2A0      2A0       17      2A0       1
                bssBANK4                            220      220       50      220       1
                bssBANK3                            1A0      1A0       2D      1A0       1
                dataBANK2                           16C      16C        4      120       1
                bssBANK2                            146      146       21      120       1
                bssBANK1                             ED       ED        3       A0       1
                bssCOMMON                            7C       7C        1       70       1
                stringtext8                        2031     2031        3     4000       0
                stringtext7                        202D     202D        4     4000       0
                stringtext6                        2029     2029        4     4000       0
                stringtext5                        2025     2025        4     4000       0
                stringtext4                        2021     2021        4     4000       0
                stringtext3                        2012     2012        F     4000       0
                stringtext2                        2000     2000       12     4000       0
                nvBANK3                             1CD      1CD        E      1A0       1
                nvBANK2                             167      167        5      120       1
                stringtext1                        1800     1800       20     3000       0
                idataBANK5                         1F64     1F64       17     3EC8       0
                idataBANK2                         1000     1000        4     1BA8       0

TOTAL           Name                               Link     Load   Length     Space
        CLASS   STACK          

        CLASS   CODE           
                end_init                             23       23        2         0
                cinit                                25       25       38         0
                intentry                              4        4       1F         0
                reset_vec                             0        0        2         0
                text103                            1F7B     1F7B       18         0
                text102                            1DB1     1DB1        3         0
                text101                            1DAE     1DAE        1         0
                text100                            1DD2     1DD2        4         0
                text99                             11FC     11FC       34         0
                text98                             105B     105B       20         0
                text96                             1E1A     1E1A        6         0
                text95                             1E20     1E20        6         0
                text94                             1E26     1E26        6         0
                text93                             1E2C     1E2C        6         0
                text92                             1E32     1E32        6         0
                text91                             12DC     12DC       43         0
                text90                             1E6F     1E6F        9         0
                text89                             1E78     1E78        9         0
                text88                             1265     1265       3A         0
                text87                             1E57     1E57        8         0
                text86                             1EB3     1EB3        C         0
                text85                             1E5F     1E5F        8         0
                text84                             1DD6     1DD6        4         0
                text83                             1F93     1F93       18         0
                text82                             1DB4     1DB4        3         0
                text81                             1DB7     1DB7        3         0
                text80                             1DBA     1DBA        3         0
                text79                             1004     1004       19         0
                text78                             1DBD     1DBD        3         0
                text77                             1DC0     1DC0        3         0
                text76                             1DC3     1DC3        3         0
                text75                             1ED7     1ED7        E         0
                text74                             10E7     10E7       28         0
                text73                             1EBF     1EBF        C         0
                text72                             1EE5     1EE5       10         0
                text71                             1EF5     1EF5       10         0
                text70                             1F05     1F05       10         0
                text69                             1F15     1F15       10         0
                text68                             1F36     1F36       17         0
                text67                             1DAF     1DAF        2         0
                text66                                2        2        2         0
                text65                             1DC6     1DC6        3         0
                text64                             1DDA     1DDA        4         0
                text63                             1DC9     1DC9        3         0
                text62                             1DDE     1DDE        4         0
                text61                             1E06     1E06        5         0
                text60                             1E38     1E38        6         0
                text59                             1DCC     1DCC        3         0
                text58                             1139     1139       2F         0
                text57                             1E0B     1E0B        5         0
                text56                             1E67     1E67        8         0
                text55                             1E50     1E50        7         0
                text54                             149A     149A       52         0
                text53                             1364     1364       47         0
                text52                             1E3E     1E3E        6         0
                text51                             1DE2     1DE2        4         0
                text50                             1DE6     1DE6        4         0
                text49                             1DEA     1DEA        4         0
                text48                             1DEE     1DEE        4         0
                text47                             1DF2     1DF2        4         0
                text46                             1DF6     1DF6        4         0
                text45                             1DFA     1DFA        4         0
                text44                             1E10     1E10        5         0
                text43                             1168     1168       2F         0
                text42                             110F     110F       2A         0
                text41                             1DFE     1DFE        4         0
                text40                             1E8A     1E8A        A         0
                text39                             1FC3     1FC3       1E         0
                text38                             1E02     1E02        4         0
                text37                             1EA8     1EA8        B         0
                text36                              7C9      7C9       37         0
                text35                             1ECB     1ECB        C         0
                text34                             1197     1197       32         0
                text33                              849      849       96         0
                text32                             1449     1449       51         0
                text31                             131F     131F       45         0
                text30                              8DF      8DF      17A         0
                text29                              800      800       49         0
                text28                             162E     162E       7C         0
                text27                             1FE1     1FE1       1F         0
                text26                              DD4      DD4      22C         0
                text25                             1E81     1E81        9         0
                text24                              BF2      BF2      1E2         0
                text23                             101D     101D       1F         0
                text22                             14EC     14EC       65         0
                text21                             15B6     15B6       78         0
                text20                              6F1      6F1       D8         0
                text19                             109D     109D       24         0
                text18                             1E15     1E15        5         0
                text17                             1230     1230       35         0
                text16                             10C1     10C1       26         0
                text15                             1FAB     1FAB       18         0
                text14                             13F9     13F9       50         0
                text13                             103C     103C       1F         0
                text12                             1F4D     1F4D       17         0
                text11                             107B     107B       22         0
                text10                               5D       5D      694         0
                text9                              13AB     13AB       4E         0
                text8                               A59      A59      199         0
                text7                              11C9     11C9       33         0
                text6                              1F25     1F25       11         0
                text5                              16AA     16AA      156         0
                text4                              1E94     1E94        A         0
                text3                              1E9E     1E9E        A         0
                text2                              129F     129F       3D         0
                text1                              1DCF     1DCF        3         0
                maintext                           1551     1551       65         0
                clrtext                            1E44     1E44        6         0
                inittext                           1E4A     1E4A        6         0
                idataBANK5                         1F64     1F64       17         0
                idataBANK2                         1000     1000        4         0

        CLASS   STRCODE        
                stringtext8                        2031     2031        3         0
                stringtext7                        202D     202D        4         0
                stringtext6                        2029     2029        4         0
                stringtext5                        2025     2025        4         0
                stringtext4                        2021     2021        4         0
                stringtext3                        2012     2012        F         0
                stringtext2                        2000     2000       12         0
                stringtext1                        1800     1800       20         0

        CLASS   STRING         

        CLASS   CONST          

        CLASS   ENTRY          

        CLASS   COMMON         
                cstackCOMMON                         70       70        C         1
                bssCOMMON                            7C       7C        1         1

        CLASS   BANK0          
                cstackBANK0                          20       20       50         1

        CLASS   BANK1          
                cstackBANK1                          A0       A0       4D         1
                bssBANK1                             ED       ED        3         1

        CLASS   BANK2          
                cstackBANK2                         120      120       26         1
                dataBANK2                           16C      16C        4         1
                bssBANK2                            146      146       21         1
                nvBANK2                             167      167        5         1

        CLASS   BANK3          
                bssBANK3                            1A0      1A0       2D         1
                nvBANK3                             1CD      1CD        E         1

        CLASS   BANK4          
                bssBANK4                            220      220       50         1

        CLASS   BANK5          
                dataBANK5                           2A0      2A0       17         1

        CLASS   BANK6          

        CLASS   BANK7          

        CLASS   BANK8          

        CLASS   BANK9          

        CLASS   BANK10         

        CLASS   BANK11         

        CLASS   BANK12         

        CLASS   BANK13         

        CLASS   BANK14         

        CLASS   BANK15         

        CLASS   BANK16         

        CLASS   BANK17         

        CLASS   BANK18         

        CLASS   BANK19         

        CLASS   BANK20         

        CLASS   BANK21         

        CLASS   BANK22         

        CLASS   BANK23         

        CLASS   BANK24         

        CLASS   BANK25         

        CLASS   BIGRAM         

        CLASS   RAM            

        CLASS   ABS1           
                abs_s1                               7E       7E        2         1

        CLASS   SFR0           

        CLASS   SFR1           

        CLASS   SFR2           

        CLASS   SFR3           

        CLASS   SFR4           

        CLASS   SFR5           

        CLASS   SFR6           

        CLASS   SFR7           

        CLASS   SFR8           

        CLASS   SFR9           

        CLASS   SFR10          

        CLASS   SFR11          

        CLASS   SFR12          

        CLASS   SFR13          

        CLASS   SFR14          

        CLASS   SFR15          

        CLASS   SFR16          

        CLASS   SFR17          

        CLASS   SFR18          

        CLASS   SFR19          

        CLASS   SFR20          

        CLASS   SFR21          

        CLASS   SFR22          

        CLASS   SFR23          

        CLASS   SFR24          

        CLASS   SFR25          

        CLASS   SFR26          

        CLASS   SFR27          

        CLASS   SFR28          

        CLASS   SFR29          

        CLASS   SFR30          

        CLASS   SFR31          

        CLASS   CONFIG         
                config                             8007     8007        4         0

        CLASS   IDLOC          

        CLASS   EEDATA         

        CLASS   BANK31         

        CLASS   BANK30         

        CLASS   BANK29         

        CLASS   BANK28         

        CLASS   BANK27         

        CLASS   BANK26         



SEGMENTS        Name                           Load    Length   Top    Selector   Space  Class     Delta

                reset_vec                      000000  000004  000004         0       0  CODE        2
                intentry                       000004  0007FC  000800         8       0  CODE        2
                cstackBANK0                    000020  000050  000070        20       1  BANK0       1
                cstackCOMMON                   000070  00000D  00007D        70       1  COMMON      1
                cstackBANK1                    0000A0  000050  0000F0        A0       1  BANK1       1
                cstackBANK2                    000120  000050  000170       120       1  BANK2       1
                bssBANK3                       0001A0  00003B  0001DB       1A0       1  BANK3       1
                bssBANK4                       000220  000050  000270       220       1  BANK4       1
                dataBANK5                      0002A0  000017  0002B7       2A0       1  BANK5       1
                text29                         000800  000049  000849      1000       0  CODE        2
                text33                         000849  000096  0008DF      1092       0  CODE        2
                text30                         0008DF  00017A  000A59      11BE       0  CODE        2
                text8                          000A59  000199  000BF2      14B2       0  CODE        2
                text24                         000BF2  0001E2  000DD4      17E4       0  CODE        2
                text26                         000DD4  000230  001004      1BA8       0  CODE        2
                text79                         001004  000019  00101D      2008       0  CODE        2
                text23                         00101D  00001F  00103C      203A       0  CODE        2
                text13                         00103C  00001F  00105B      2078       0  CODE        2
                text98                         00105B  000020  00107B      20B6       0  CODE        2
                text11                         00107B  000022  00109D      20F6       0  CODE        2
                text19                         00109D  000024  0010C1      213A       0  CODE        2
                text16                         0010C1  000026  0010E7      2182       0  CODE        2
                text74                         0010E7  000028  00110F      21CE       0  CODE        2
                text42                         00110F  00002A  001139      221E       0  CODE        2
                text58                         001139  00002F  001168      2272       0  CODE        2
                text43                         001168  00002F  001197      22D0       0  CODE        2
                text34                         001197  000032  0011C9      232E       0  CODE        2
                text7                          0011C9  000033  0011FC      2392       0  CODE        2
                text99                         0011FC  000034  001230      23F8       0  CODE        2
                text17                         001230  000035  001265      2460       0  CODE        2
                text88                         001265  00003A  00129F      24CA       0  CODE        2
                text2                          00129F  00003D  0012DC      253E       0  CODE        2
                text91                         0012DC  000043  00131F      25B8       0  CODE        2
                text31                         00131F  000045  001364      263E       0  CODE        2
                text53                         001364  000047  0013AB      26C8       0  CODE        2
                text9                          0013AB  00004E  0013F9      2756       0  CODE        2
                text14                         0013F9  000050  001449      27F2       0  CODE        2
                text32                         001449  000051  00149A      2892       0  CODE        2
                text54                         00149A  000052  0014EC      2934       0  CODE        2
                text22                         0014EC  000065  001551      29D8       0  CODE        2
                maintext                       001551  000065  0015B6      2AA2       0  CODE        2
                text21                         0015B6  000078  00162E      2B6C       0  CODE        2
                text28                         00162E  00007C  0016AA      2C5C       0  CODE        2
                text5                          0016AA  000156  001800      2D54       0  CODE        2
                stringtext1                    001800  000020  001820      3000       0  STRCODE     2
                text101                        001DAE  000001  001DAF      3B5C       0  CODE        2
                text67                         001DAF  000002  001DB1      3B5E       0  CODE        2
                text102                        001DB1  000003  001DB4      3B62       0  CODE        2
                text82                         001DB4  000003  001DB7      3B68       0  CODE        2
                text81                         001DB7  000003  001DBA      3B6E       0  CODE        2
                text80                         001DBA  000003  001DBD      3B74       0  CODE        2
                text78                         001DBD  000003  001DC0      3B7A       0  CODE        2
                text77                         001DC0  000003  001DC3      3B80       0  CODE        2
                text76                         001DC3  000003  001DC6      3B86       0  CODE        2
                text65                         001DC6  000003  001DC9      3B8C       0  CODE        2
                text63                         001DC9  000003  001DCC      3B92       0  CODE        2
                text59                         001DCC  000003  001DCF      3B98       0  CODE        2
                text1                          001DCF  000003  001DD2      3B9E       0  CODE        2
                text100                        001DD2  000004  001DD6      3BA4       0  CODE        2
                text84                         001DD6  000004  001DDA      3BAC       0  CODE        2
                text64                         001DDA  000004  001DDE      3BB4       0  CODE        2
                text62                         001DDE  000004  001DE2      3BBC       0  CODE        2
                text51                         001DE2  000004  001DE6      3BC4       0  CODE        2
                text50                         001DE6  000004  001DEA      3BCC       0  CODE        2
                text49                         001DEA  000004  001DEE      3BD4       0  CODE        2
                text48                         001DEE  000004  001DF2      3BDC       0  CODE        2
                text47                         001DF2  000004  001DF6      3BE4       0  CODE        2
                text46                         001DF6  000004  001DFA      3BEC       0  CODE        2
                text45                         001DFA  000004  001DFE      3BF4       0  CODE        2
                text41                         001DFE  000004  001E02      3BFC       0  CODE        2
                text38                         001E02  000004  001E06      3C04       0  CODE        2
                text61                         001E06  000005  001E0B      3C0C       0  CODE        2
                text57                         001E0B  000005  001E10      3C16       0  CODE        2
                text44                         001E10  000005  001E15      3C20       0  CODE        2
                text18                         001E15  000005  001E1A      3C2A       0  CODE        2
                text96                         001E1A  000006  001E20      3C34       0  CODE        2
                text95                         001E20  000006  001E26      3C40       0  CODE        2
                text94                         001E26  000006  001E2C      3C4C       0  CODE        2
                text93                         001E2C  000006  001E32      3C58       0  CODE        2
                text92                         001E32  000006  001E38      3C64       0  CODE        2
                text60                         001E38  000006  001E3E      3C70       0  CODE        2
                text52                         001E3E  000006  001E44      3C7C       0  CODE        2
                clrtext                        001E44  000006  001E4A      3C88       0  CODE        2
                inittext                       001E4A  000006  001E50      3C94       0  CODE        2
                text55                         001E50  000007  001E57      3CA0       0  CODE        2
                text87                         001E57  000008  001E5F      3CAE       0  CODE        2
                text85                         001E5F  000008  001E67      3CBE       0  CODE        2
                text56                         001E67  000008  001E6F      3CCE       0  CODE        2
                text90                         001E6F  000009  001E78      3CDE       0  CODE        2
                text89                         001E78  000009  001E81      3CF0       0  CODE        2
                text25                         001E81  000009  001E8A      3D02       0  CODE        2
                text40                         001E8A  00000A  001E94      3D14       0  CODE        2
                text4                          001E94  00000A  001E9E      3D28       0  CODE        2
                text3                          001E9E  00000A  001EA8      3D3C       0  CODE        2
                text37                         001EA8  00000B  001EB3      3D50       0  CODE        2
                text86                         001EB3  00000C  001EBF      3D66       0  CODE        2
                text73                         001EBF  00000C  001ECB      3D7E       0  CODE        2
                text35                         001ECB  00000C  001ED7      3D96       0  CODE        2
                text75                         001ED7  00000E  001EE5      3DAE       0  CODE        2
                text72                         001EE5  000010  001EF5      3DCA       0  CODE        2
                text71                         001EF5  000010  001F05      3DEA       0  CODE        2
                text70                         001F05  000010  001F15      3E0A       0  CODE        2
                text69                         001F15  000010  001F25      3E2A       0  CODE        2
                text6                          001F25  000011  001F36      3E4A       0  CODE        2
                text68                         001F36  000017  001F4D      3E6C       0  CODE        2
                text12                         001F4D  000017  001F64      3E9A       0  CODE        2
                idataBANK5                     001F64  000017  001F7B      3EC8       0  CODE        2
                text103                        001F7B  000018  001F93      3EF6       0  CODE        2
                text83                         001F93  000018  001FAB      3F26       0  CODE        2
                text15                         001FAB  000018  001FC3      3F56       0  CODE        2
                text39                         001FC3  00001E  001FE1      3F86       0  CODE        2
                text27                         001FE1  00001F  002000      3FC2       0  CODE        2
                stringtext2                    002000  000034  002034      4000       0  STRCODE     2
                config                         008007  000004  00800B     1000E       0  CONFIG      2


UNUSED ADDRESS RANGES

        Name                Unused          Largest block    Delta
        BANK10           00520-0056F              50           1
        BANK11           005A0-005EF              50           1
        BANK12           00620-0066F              50           1
        BANK13           006A0-006EF              50           1
        BANK14           00720-0076F              50           1
        BANK15           007A0-007EF              50           1
        BANK16           00820-0086F              50           1
        BANK17           008A0-008EF              50           1
        BANK18           00920-0096F              50           1
        BANK19           009A0-009EF              50           1
        BANK20           00A20-00A6F              50           1
        BANK21           00AA0-00AEF              50           1
        BANK22           00B20-00B6F              50           1
        BANK23           00BA0-00BEF              50           1
        BANK24           00C20-00C6F              50           1
        BANK25           00CA0-00CBF              20           1
        BANK3            001DB-001EF              15           1
        BANK5            002B7-002EF              39           1
        BANK6            00320-0036F              50           1
        BANK7            003A0-003EF              50           1
        BANK8            00420-0046F              50           1
        BANK9            004A0-004EF              50           1
        BIGRAM           02000-027EF             7F0           1
        CODE             01820-01DAD             58E           2
                         02034-03FFF             800
        COMMON           0007D-0007D               1           1
        CONST            01820-01DAD             100           2
                         02034-03FFF             100
        EEDATA           0F000-0F0FF             100           2
        ENTRY            01820-01DAD             100           2
                         02034-03FFF             100
        IDLOC            08000-08003               4           2
        RAM              001DB-001EF              15           1
                         002B7-002EF              39
                         00320-0036F              50
                         003A0-003EF              50
                         00420-0046F              50
                         004A0-004EF              50
                         00520-0056F              50
                         005A0-005EF              50
                         00620-0066F              50
                         006A0-006EF              50
                         00720-0076F              50
                         007A0-007EF              50
                         00820-0086F              50
                         008A0-008EF              50
                         00920-0096F              50
                         009A0-009EF              50
                         00A20-00A6F              50
                         00AA0-00AEF              50
                         00B20-00B6F              50
                         00BA0-00BEF              50
                         00C20-00C6F              50
                         00CA0-00CBF              20
        SFR0             00000-0001F              20           1
        SFR1             00080-0009F              20           1
        SFR10            00500-0051F              20           1
        SFR11            00580-0059F              20           1
        SFR12            00600-0061F              20           1
        SFR13            00680-0069F              20           1
        SFR14            00700-0071F              20           1
        SFR15            00780-0079F              20           1
        SFR16            00800-0081F              20           1
        SFR17            00880-0089F              20           1
        SFR18            00900-0091F              20           1
        SFR19            00980-0099F              20           1
        SFR2             00100-0011F              20           1
        SFR20            00A00-00A1F              20           1
        SFR21            00A80-00A9F              20           1
        SFR22            00B00-00B1F              20           1
        SFR23            00B80-00B9F              20           1
        SFR24            00C00-00C1F              20           1
        SFR25            00C80-00C9F              20           1
        SFR26            00D00-00D6F              70           1
        SFR27            00D80-00DEF              70           1
        SFR28            00E00-00E6F              70           1
        SFR29            00E80-00EEF              70           1
        SFR3             00180-0019F              20           1
        SFR30            00F00-00F6F              70           1
        SFR31            00F80-00FEF              70           1
        SFR4             00200-0021F              20           1
        SFR5             00280-0029F              20           1
        SFR6             00300-0031F              20           1
        SFR7             00380-0039F              20           1
        SFR8             00400-0041F              20           1
        SFR9             00480-0049F              20           1
        STACK            021A7-027EF             649           1
        STRCODE          01820-01DAD             58E           2
                         02034-03FFF            1FCC
        STRING           01820-01DAD             100           2
                         02034-03FFF             100

                                  Symbol Table

?__Umul8_16                                    cstackCOMMON 00071
?___awdiv                                      cstackCOMMON 00071
?___awmod                                      cstackCOMMON 00071
?___fladd                                      cstackCOMMON 00071
?___fldiv                                      cstackBANK0  00026
?___flmul                                      cstackBANK0  00020
?___flneg                                      cstackCOMMON 00071
?___flsub                                      cstackBANK0  0003A
?___fltol                                      cstackCOMMON 00071
?___fpclassifyf                                cstackCOMMON 00071
?___xxtofl                                     cstackCOMMON 00071
?_efgtoa                                       cstackBANK0  00054
?_floorf                                       cstackBANK0  00040
?_isupper                                      cstackCOMMON 00071
?_pad                                          cstackBANK0  00028
?_printf                                       cstackBANK1  000E1
?_strlen                                       cstackCOMMON 00071
?_strncmp                                      cstackCOMMON 00071
?_tolower                                      cstackCOMMON 00077
?_vfpfcnvrt                                    cstackBANK0  0005D
?_vfprintf                                     cstackBANK1  000D9
EUSART_SetErrorHandler@interruptHandler        cstackCOMMON 00071
EUSART_SetFramingErrorHandler@interruptHandler cstackCOMMON 00071
EUSART_SetOverrunErrorHandler@interruptHandler cstackCOMMON 00071
EUSART_SetRxInterruptHandler@interruptHandler  cstackCOMMON 00071
EUSART_SetTxInterruptHandler@interruptHandler  cstackCOMMON 00071
EUSART_Write@txData                            cstackCOMMON 00072
I2C1_CallbackReturnReset@funPtr                cstackCOMMON 0007A
I2C1_Close@returnValue                         cstackCOMMON 00072
I2C1_MasterOperation@read                      cstackBANK0  00026
I2C1_MasterOperation@returnValue               cstackBANK0  00027
I2C1_MasterSendTxData@data                     cstackCOMMON 00071
I2C1_Open@address                              cstackCOMMON 00072
I2C1_Open@returnValue                          cstackCOMMON 00073
I2C1_Read1ByteRegister@address                 cstackBANK0  0002A
I2C1_Read1ByteRegister@reg                     cstackBANK0  00028
I2C1_Read1ByteRegister@returnValue             cstackBANK0  0002B
I2C1_SetAddressNackCallback@cb                 cstackCOMMON 00076
I2C1_SetAddressNackCallback@ptr                cstackCOMMON 00078
I2C1_SetBuffer@buffer                          cstackCOMMON 00074
I2C1_SetBuffer@bufferSize                      cstackCOMMON 00071
I2C1_SetCallback@cb                            cstackCOMMON 00071
I2C1_SetCallback@idx                           cstackCOMMON 00075
I2C1_SetCallback@ptr                           cstackCOMMON 00073
I2C1_SetDataCompleteCallback@cb                cstackCOMMON 00076
I2C1_SetDataCompleteCallback@ptr               cstackCOMMON 00078
_ANSELA                                        (abs)        0018C
_ANSELB                                        (abs)        0018D
_ANSELC                                        (abs)        0018E
_BAUD1CON                                      (abs)        0019F
_EUSART_DefaultErrorHandler                    text102      01DB1
_EUSART_DefaultFramingErrorHandler             text101      01DAE
_EUSART_DefaultOverrunErrorHandler             text100      01DD2
_EUSART_ErrorHandler                           nvBANK3      001D5
_EUSART_FramingErrorHandler                    nvBANK3      001D9
_EUSART_Initialize                             text91       012DC
_EUSART_OverrunErrorHandler                    nvBANK3      001D7
_EUSART_Receive_ISR                            text99       011FC
_EUSART_RxDataHandler                          text103      01F7B
_EUSART_RxDefaultInterruptHandler              nvBANK2      00167
_EUSART_SetErrorHandler                        text96       01E1A
_EUSART_SetFramingErrorHandler                 text95       01E20
_EUSART_SetOverrunErrorHandler                 text94       01E26
_EUSART_SetRxInterruptHandler                  text93       01E2C
_EUSART_SetTxInterruptHandler                  text92       01E32
_EUSART_Transmit_ISR                           text98       0105B
_EUSART_TxDefaultInterruptHandler              nvBANK2      00169
_EUSART_Write                                  text19       0109D
_I2C1_CallbackReturnReset                      text66       00002
_I2C1_CallbackReturnStop                       text67       01DAF
_I2C1_Close                                    text79       01004
_I2C1_DO_ADDRESS_NACK                          text43       01168
_I2C1_DO_IDLE                                  text57       01E0B
_I2C1_DO_RCEN                                  text52       01E3E
_I2C1_DO_RESET                                 text44       01E10
_I2C1_DO_RX                                    text53       01364
_I2C1_DO_RX_ACK                                text47       01DF2
_I2C1_DO_RX_NACK_RESTART                       text45       01DFA
_I2C1_DO_RX_NACK_STOP                          text46       01DF6
_I2C1_DO_SEND_ADR_READ                         text56       01E67
_I2C1_DO_SEND_ADR_WRITE                        text55       01E50
_I2C1_DO_SEND_RESTART                          text49       01DEA
_I2C1_DO_SEND_RESTART_READ                     text51       01DE2
_I2C1_DO_SEND_RESTART_WRITE                    text50       01DE6
_I2C1_DO_SEND_STOP                             text48       01DEE
_I2C1_DO_TX                                    text54       0149A
_I2C1_DO_TX_EMPTY                              text58       01139
_I2C1_Initialize                               text90       01E6F
_I2C1_MasterClearIrq                           text82       01DB4
_I2C1_MasterClose                              text81       01DB7
_I2C1_MasterDisableIrq                         text80       01DBA
_I2C1_MasterEnableRestart                      text77       01DC0
_I2C1_MasterFsm                                text42       0110F
_I2C1_MasterGetRxData                          text63       01DC9
_I2C1_MasterIsNack                             text60       01E38
_I2C1_MasterOpen                               text37       01EA8
_I2C1_MasterOperation                          text39       01FC3
_I2C1_MasterSendAck                            text62       01DDE
_I2C1_MasterSendNack                           text64       01DDA
_I2C1_MasterSendTxData                         text61       01E06
_I2C1_MasterSetIrq                             text59       01DCC
_I2C1_MasterStart                              text78       01DBD
_I2C1_MasterStartRx                            text65       01DC6
_I2C1_MasterStop                               text76       01DC3
_I2C1_MasterWaitForEvent                       text41       01DFE
_I2C1_MasterWrite                              text38       01E02
_I2C1_Open                                     text36       007C9
_I2C1_Poller                                   text40       01E8A
_I2C1_Read1ByteRegister                        text34       01197
_I2C1_SetAddressNackCallback                   text35       01ECB
_I2C1_SetBuffer                                text75       01ED7
_I2C1_SetCallback                              text74       010E7
_I2C1_SetDataCompleteCallback                  text73       01EBF
_I2C1_Status                                   bssBANK3     001A0
_INLVLA                                        (abs)        0038C
_INLVLB                                        (abs)        0038D
_INLVLC                                        (abs)        0038E
_INTCONbits                                    (abs)        0000B
_INTERRUPT_InterruptManager                    intentry     00004
_LATA                                          (abs)        0010C
_LATB                                          (abs)        0010D
_LATC                                          (abs)        0010E
_LATCbits                                      (abs)        0010E
_ODCONA                                        (abs)        0028C
_ODCONB                                        (abs)        0028D
_ODCONC                                        (abs)        0028E
_OSCCON1                                       (abs)        00919
_OSCCON3                                       (abs)        0091B
_OSCEN                                         (abs)        0091D
_OSCFRQ                                        (abs)        0091F
_OSCILLATOR_Initialize                         text89       01E78
_OSCTUNE                                       (abs)        0091E
_PIE1bits                                      (abs)        00091
_PIN_MANAGER_Initialize                        text88       01265
_PIR1bits                                      (abs)        00011
_PMD0                                          (abs)        00911
_PMD1                                          (abs)        00912
_PMD2                                          (abs)        00913
_PMD3                                          (abs)        00914
_PMD4                                          (abs)        00915
_PMD5                                          (abs)        00916
_PMD_Initialize                                text87       01E57
_PORTCbits                                     (abs)        0000E
_PR2                                           (abs)        0001E
_PWM5CON                                       (abs)        00619
_PWM5DCH                                       (abs)        00618
_PWM5DCL                                       (abs)        00617
_PWM5_Initialize                               text86       01EB3
_PWMTMRSbits                                   (abs)        0061F
_RB4PPS                                        (abs)        00E9C
_RB5PPS                                        (abs)        00E9D
_RB7PPS                                        (abs)        00E9F
_RC1REG                                        (abs)        00199
_RC1STA                                        (abs)        0019D
_RC1STAbits                                    (abs)        0019D
_RC6PPS                                        (abs)        00EA6
_RXPPS                                         (abs)        00E24
_SLRCONA                                       (abs)        0030C
_SLRCONB                                       (abs)        0030D
_SLRCONC                                       (abs)        0030E
_SP1BRGH                                       (abs)        0019C
_SP1BRGL                                       (abs)        0019B
_SSP1ADD                                       (abs)        00212
_SSP1BUF                                       (abs)        00211
_SSP1CLKPPS                                    (abs)        00E20
_SSP1CON1                                      (abs)        00215
_SSP1CON1bits                                  (abs)        00215
_SSP1CON2                                      (abs)        00216
_SSP1CON2bits                                  (abs)        00216
_SSP1DATPPS                                    (abs)        00E21
_SSP1STAT                                      (abs)        00214
_SSP1STATbits                                  (abs)        00214
_SYSTEM_Initialize                             text83       01F93
_T2CON                                         (abs)        0001F
_T2CONbits                                     (abs)        0001F
_TMR2                                          (abs)        0001D
_TMR2_Initialize                               text85       01E5F
_TRISA                                         (abs)        0008C
_TRISB                                         (abs)        0008D
_TRISC                                         (abs)        0008E
_TX1REG                                        (abs)        0019A
_TX1STA                                        (abs)        0019E
_TX1STAbits                                    (abs)        0019E
_WDTCON                                        (abs)        00097
_WDT_Initialize                                text84       01DD6
_WPUA                                          (abs)        0020C
_WPUB                                          (abs)        0020D
_WPUC                                          (abs)        0020E
__CFG_BOREN$ON                                 (abs)        00000
__CFG_BORV$LOW                                 (abs)        00000
__CFG_CLKOUTEN$OFF                             (abs)        00000
__CFG_CP$OFF                                   (abs)        00000
__CFG_CPD$OFF                                  (abs)        00000
__CFG_CSWEN$ON                                 (abs)        00000
__CFG_DEBUG$OFF                                (abs)        00000
__CFG_FCMEN$ON                                 (abs)        00000
__CFG_FEXTOSC$OFF                              (abs)        00000
__CFG_LPBOREN$OFF                              (abs)        00000
__CFG_LVP$ON                                   (abs)        00000
__CFG_MCLRE$ON                                 (abs)        00000
__CFG_PPS1WAY$ON                               (abs)        00000
__CFG_PWRTE$OFF                                (abs)        00000
__CFG_RSTOSC$HFINT1                            (abs)        00000
__CFG_STVREN$ON                                (abs)        00000
__CFG_WDTE$OFF                                 (abs)        00000
__CFG_WRT$OFF                                  (abs)        00000
__Habs1                                        abs1         00000
__Hbank0                                       bank0        00000
__Hbank1                                       bank1        00000
__Hbank10                                      bank10       00000
__Hbank11                                      bank11       00000
__Hbank12                                      bank12       00000
__Hbank13                                      bank13       00000
__Hbank14                                      bank14       00000
__Hbank15                                      bank15       00000
__Hbank16                                      bank16       00000
__Hbank17                                      bank17       00000
__Hbank18                                      bank18       00000
__Hbank19                                      bank19       00000
__Hbank2                                       bank2        00000
__Hbank20                                      bank20       00000
__Hbank21                                      bank21       00000
__Hbank22                                      bank22       00000
__Hbank23                                      bank23       00000
__Hbank24                                      bank24       00000
__Hbank25                                      bank25       00000
__Hbank26                                      bank26       00000
__Hbank27                                      bank27       00000
__Hbank28                                      bank28       00000
__Hbank29                                      bank29       00000
__Hbank3                                       bank3        00000
__Hbank30                                      bank30       00000
__Hbank31                                      bank31       00000
__Hbank4                                       bank4        00000
__Hbank5                                       bank5        00000
__Hbank6                                       bank6        00000
__Hbank7                                       bank7        00000
__Hbank8                                       bank8        00000
__Hbank9                                       bank9        00000
__Hbigram                                      bigram       00000
__HbssBANK1                                    bssBANK1     00000
__HbssBANK2                                    bssBANK2     00000
__HbssBANK3                                    bssBANK3     00000
__HbssBANK4                                    bssBANK4     00000
__HbssCOMMON                                   bssCOMMON    00000
__Hcinit                                       cinit        0005D
__Hclrtext                                     clrtext      00000
__Hcode                                        code         00000
__Hcommon                                      common       00000
__Hconfig                                      config       0800B
__HcstackBANK0                                 cstackBANK0  00000
__HcstackBANK1                                 cstackBANK1  00000
__HcstackBANK2                                 cstackBANK2  00000
__HcstackCOMMON                                cstackCOMMON 00000
__HdataBANK2                                   dataBANK2    00000
__HdataBANK5                                   dataBANK5    00000
__Heeprom_data                                 eeprom_data  00000
__Hend_init                                    end_init     00025
__Hfunctab                                     functab      00000
__HidataBANK2                                  idataBANK2   00000
__HidataBANK5                                  idataBANK5   00000
__Hidloc                                       idloc        00000
__Hinit                                        init         00023
__Hinittext                                    inittext     00000
__Hintentry                                    intentry     00023
__Hmaintext                                    maintext     00000
__HnvBANK2                                     nvBANK2      00000
__HnvBANK3                                     nvBANK3      00000
__Hpowerup                                     powerup      00000
__Hram                                         ram          00000
__Hreset_vec                                   reset_vec    00002
__Hsfr0                                        sfr0         00000
__Hsfr1                                        sfr1         00000
__Hsfr10                                       sfr10        00000
__Hsfr11                                       sfr11        00000
__Hsfr12                                       sfr12        00000
__Hsfr13                                       sfr13        00000
__Hsfr14                                       sfr14        00000
__Hsfr15                                       sfr15        00000
__Hsfr16                                       sfr16        00000
__Hsfr17                                       sfr17        00000
__Hsfr18                                       sfr18        00000
__Hsfr19                                       sfr19        00000
__Hsfr2                                        sfr2         00000
__Hsfr20                                       sfr20        00000
__Hsfr21                                       sfr21        00000
__Hsfr22                                       sfr22        00000
__Hsfr23                                       sfr23        00000
__Hsfr24                                       sfr24        00000
__Hsfr25                                       sfr25        00000
__Hsfr26                                       sfr26        00000
__Hsfr27                                       sfr27        00000
__Hsfr28                                       sfr28        00000
__Hsfr29                                       sfr29        00000
__Hsfr3                                        sfr3         00000
__Hsfr30                                       sfr30        00000
__Hsfr31                                       sfr31        00000
__Hsfr4                                        sfr4         00000
__Hsfr5                                        sfr5         00000
__Hsfr6                                        sfr6         00000
__Hsfr7                                        sfr7         00000
__Hsfr8                                        sfr8         00000
__Hsfr9                                        sfr9         00000
__Hspace_0                                     (abs)        0800B
__Hspace_1                                     (abs)        002B7
__Hspace_2                                     (abs)        00000
__Hspace_3                                     (abs)        00000
__Hstack                                       stack        00000
__Hstrings                                     strings      00000
__Hstringtext1                                 stringtext1  00000
__Hstringtext2                                 stringtext2  00000
__Hstringtext3                                 stringtext3  00000
__Hstringtext4                                 stringtext4  00000
__Hstringtext5                                 stringtext5  00000
__Hstringtext6                                 stringtext6  00000
__Hstringtext7                                 stringtext7  00000
__Hstringtext8                                 stringtext8  00000
__Hstringtext9                                 stringtext9  00000
__Htext                                        text         00000
__Labs1                                        abs1         00000
__Lbank0                                       bank0        00000
__Lbank1                                       bank1        00000
__Lbank10                                      bank10       00000
__Lbank11                                      bank11       00000
__Lbank12                                      bank12       00000
__Lbank13                                      bank13       00000
__Lbank14                                      bank14       00000
__Lbank15                                      bank15       00000
__Lbank16                                      bank16       00000
__Lbank17                                      bank17       00000
__Lbank18                                      bank18       00000
__Lbank19                                      bank19       00000
__Lbank2                                       bank2        00000
__Lbank20                                      bank20       00000
__Lbank21                                      bank21       00000
__Lbank22                                      bank22       00000
__Lbank23                                      bank23       00000
__Lbank24                                      bank24       00000
__Lbank25                                      bank25       00000
__Lbank26                                      bank26       00000
__Lbank27                                      bank27       00000
__Lbank28                                      bank28       00000
__Lbank29                                      bank29       00000
__Lbank3                                       bank3        00000
__Lbank30                                      bank30       00000
__Lbank31                                      bank31       00000
__Lbank4                                       bank4        00000
__Lbank5                                       bank5        00000
__Lbank6                                       bank6        00000
__Lbank7                                       bank7        00000
__Lbank8                                       bank8        00000
__Lbank9                                       bank9        00000
__Lbigram                                      bigram       00000
__LbssBANK1                                    bssBANK1     00000
__LbssBANK2                                    bssBANK2     00000
__LbssBANK3                                    bssBANK3     00000
__LbssBANK4                                    bssBANK4     00000
__LbssCOMMON                                   bssCOMMON    00000
__Lcinit                                       cinit        00025
__Lclrtext                                     clrtext      00000
__Lcode                                        code         00000
__Lcommon                                      common       00000
__Lconfig                                      config       08007
__LcstackBANK0                                 cstackBANK0  00000
__LcstackBANK1                                 cstackBANK1  00000
__LcstackBANK2                                 cstackBANK2  00000
__LcstackCOMMON                                cstackCOMMON 00000
__LdataBANK2                                   dataBANK2    00000
__LdataBANK5                                   dataBANK5    00000
__Leeprom_data                                 eeprom_data  00000
__Lend_init                                    end_init     00023
__Lfunctab                                     functab      00000
__LidataBANK2                                  idataBANK2   00000
__LidataBANK5                                  idataBANK5   00000
__Lidloc                                       idloc        00000
__Linit                                        init         00023
__Linittext                                    inittext     00000
__Lintentry                                    intentry     00004
__Lmaintext                                    maintext     00000
__LnvBANK2                                     nvBANK2      00000
__LnvBANK3                                     nvBANK3      00000
__Lpowerup                                     powerup      00000
__Lram                                         ram          00000
__Lreset_vec                                   reset_vec    00000
__Lsfr0                                        sfr0         00000
__Lsfr1                                        sfr1         00000
__Lsfr10                                       sfr10        00000
__Lsfr11                                       sfr11        00000
__Lsfr12                                       sfr12        00000
__Lsfr13                                       sfr13        00000
__Lsfr14                                       sfr14        00000
__Lsfr15                                       sfr15        00000
__Lsfr16                                       sfr16        00000
__Lsfr17                                       sfr17        00000
__Lsfr18                                       sfr18        00000
__Lsfr19                                       sfr19        00000
__Lsfr2                                        sfr2         00000
__Lsfr20                                       sfr20        00000
__Lsfr21                                       sfr21        00000
__Lsfr22                                       sfr22        00000
__Lsfr23                                       sfr23        00000
__Lsfr24                                       sfr24        00000
__Lsfr25                                       sfr25        00000
__Lsfr26                                       sfr26        00000
__Lsfr27                                       sfr27        00000
__Lsfr28                                       sfr28        00000
__Lsfr29                                       sfr29        00000
__Lsfr3                                        sfr3         00000
__Lsfr30                                       sfr30        00000
__Lsfr31                                       sfr31        00000
__Lsfr4                                        sfr4         00000
__Lsfr5                                        sfr5         00000
__Lsfr6                                        sfr6         00000
__Lsfr7                                        sfr7         00000
__Lsfr8                                        sfr8         00000
__Lsfr9                                        sfr9         00000
__Lspace_0                                     (abs)        00000
__Lspace_1                                     (abs)        00000
__Lspace_2                                     (abs)        00000
__Lspace_3                                     (abs)        00000
__Lstack                                       stack        00000
__Lstrings                                     strings      00000
__Lstringtext1                                 stringtext1  00000
__Lstringtext2                                 stringtext2  00000
__Lstringtext3                                 stringtext3  00000
__Lstringtext4                                 stringtext4  00000
__Lstringtext5                                 stringtext5  00000
__Lstringtext6                                 stringtext6  00000
__Lstringtext7                                 stringtext7  00000
__Lstringtext8                                 stringtext8  00000
__Lstringtext9                                 stringtext9  00000
__Ltext                                        text         00000
__S0                                           (abs)        0800B
__S1                                           (abs)        002B7
__S2                                           (abs)        00000
__S3                                           (abs)        00000
__Umul8_16                                     text27       01FE1
__Umul8_16@multiplicand                        cstackCOMMON 00071
__Umul8_16@multiplier                          cstackCOMMON 00079
__Umul8_16@product                             cstackCOMMON 00075
__Umul8_16@word_mpld                           cstackCOMMON 00077
___awdiv                                       text32       01449
___awdiv@counter                               cstackCOMMON 00076
___awdiv@dividend                              cstackCOMMON 00073
___awdiv@divisor                               cstackCOMMON 00071
___awdiv@quotient                              cstackCOMMON 00078
___awdiv@sign                                  cstackCOMMON 00077
___awmod                                       text31       0131F
___awmod@counter                               cstackCOMMON 00076
___awmod@dividend                              cstackCOMMON 00073
___awmod@divisor                               cstackCOMMON 00071
___awmod@sign                                  cstackCOMMON 00077
___fladd                                       text24       00BF2
___fladd@a                                     cstackCOMMON 00075
___fladd@aexp                                  cstackBANK0  00029
___fladd@b                                     cstackCOMMON 00071
___fladd@bexp                                  cstackBANK0  0002A
___fladd@grs                                   cstackBANK0  0002B
___fladd@signs                                 cstackBANK0  00028
___fldiv                                       text30       008DF
___fldiv@a                                     cstackBANK0  00026
___fldiv@aexp                                  cstackBANK0  0003F
___fldiv@b                                     cstackBANK0  0002A
___fldiv@bexp                                  cstackBANK0  0003E
___fldiv@grs                                   cstackBANK0  0003A
___fldiv@new_exp                               cstackBANK0  00038
___fldiv@rem                                   cstackBANK0  00033
___fldiv@sign                                  cstackBANK0  00037
___fleq                                        text29       00800
___fleq@ff1                                    cstackCOMMON 00071
___fleq@ff2                                    cstackCOMMON 00075
___flge                                        text28       0162E
___flge@ff1                                    cstackBANK0  0003A
___flge@ff2                                    cstackBANK0  0003E
___flmul                                       text26       00DD4
___flmul@a                                     cstackBANK0  00024
___flmul@aexp                                  cstackBANK0  00032
___flmul@b                                     cstackBANK0  00020
___flmul@bexp                                  cstackBANK0  00033
___flmul@grs                                   cstackBANK0  0002E
___flmul@prod                                  cstackBANK0  00034
___flmul@sign                                  cstackBANK0  0002D
___flmul@temp                                  cstackBANK0  00038
___flneg                                       text25       01E81
___flneg@f1                                    cstackCOMMON 00071
[...]
Total ram usage:        1 bytes
 Hardware stack levels used:    1
 This function calls:
		Nothing
 This function is called by:
		_EUSART_Initialize
		_INTERRUPT_InterruptManager
 This function uses a non-reentrant model


 *************** function _EUSART_Receive_ISR *****************
 Defined at:
		line 225 in file "mcc_generated_files/eusart.c"
 Parameters:    Size  Location     Type
		None
 Auto vars:     Size  Location     Type
		None
 Return value:  Size  Location     Type
                  1    wreg      void 
 Registers used:
		wreg, fsr1l, fsr1h, status,2, status,0, pclath, cstack
 Tracked objects:
		On entry : 
		On exit  : 
		Unchanged: 
 Data sizes:     COMMON   BANK0   BANK1   BANK2   BANK3   BANK4   BANK5   BANK6   BANK7   BANK8   BANK9  BANK10  BANK11  BANK12  BANK13  BANK14  BANK15  BANK16  BANK17  BANK18  BANK19  BANK20  BANK21  BANK22  BANK23  BANK24  BANK25
      Params:         0       0       0       0       0       0       0       0       0       0       0       0       0       0       0       0       0       0       0       0       0       0       0       0       0       0       0
      Locals:         0       0       0       0       0       0       0       0       0       0       0       0       0       0       0       0       0       0       0       0       0       0       0       0       0       0       0
      Temps:          0       0       0       0       0       0       0       0       0       0       0       0       0       0       0       0       0       0       0       0       0       0       0       0       0       0       0
      Totals:         0       0       0       0       0       0       0       0       0       0       0       0       0       0       0       0       0       0       0       0       0       0       0       0       0       0       0
Total ram usage:        0 bytes
 Hardware stack levels used:    1
 Hardware stack levels required when called:    2
 This function calls:
		Absolute function
		_EUSART_DefaultErrorHandler
		_EUSART_DefaultFramingErrorHandler
		_EUSART_DefaultOverrunErrorHandler
		_EUSART_RxDataHandler
 This function is called by:
		_EUSART_Initialize
		_INTERRUPT_InterruptManager
 This function uses a non-reentrant model


 *************** function _EUSART_DefaultOverrunErrorHandler *****************
 Defined at:
		line 261 in file "mcc_generated_files/eusart.c"
 Parameters:    Size  Location     Type
		None
 Auto vars:     Size  Location     Type
		None
 Return value:  Size  Location     Type
                  1    wreg      void 
 Registers used:
		None
 Tracked objects:
		On entry : 
		On exit  : 
		Unchanged: 
 Data sizes:     COMMON   BANK0   BANK1   BANK2   BANK3   BANK4   BANK5   BANK6   BANK7   BANK8   BANK9  BANK10  BANK11  BANK12  BANK13  BANK14  BANK15  BANK16  BANK17  BANK18  BANK19  BANK20  BANK21  BANK22  BANK23  BANK24  BANK25
      Params:         0       0       0       0       0       0       0       0       0       0       0       0       0       0       0       0       0       0       0       0       0       0       0       0       0       0       0
      Locals:         0       0       0       0       0       0       0       0       0       0       0       0       0       0       0       0       0       0       0       0       0       0       0       0       0       0       0
      Temps:          0       0       0       0       0       0       0       0       0       0       0       0       0       0       0       0       0       0       0       0       0       0       0       0       0       0       0
      Totals:         0       0       0       0       0       0       0       0       0       0       0       0       0       0       0       0       0       0       0       0       0       0       0       0       0       0       0
Total ram usage:        0 bytes
 Hardware stack levels used:    1
 This function calls:
		Nothing
 This function is called by:
		_EUSART_Initialize
		_EUSART_Receive_ISR
 This function uses a non-reentrant model


 *************** function _EUSART_DefaultFramingErrorHandler *****************
 Defined at:
		line 259 in file "mcc_generated_files/eusart.c"
 Parameters:    Size  Location     Type
		None
 Auto vars:     Size  Location     Type
		None
 Return value:  Size  Location     Type
                  1    wreg      void 
 Registers used:
		None
 Tracked objects:
		On entry : 
		On exit  : 
		Unchanged: 
 Data sizes:     COMMON   BANK0   BANK1   BANK2   BANK3   BANK4   BANK5   BANK6   BANK7   BANK8   BANK9  BANK10  BANK11  BANK12  BANK13  BANK14  BANK15  BANK16  BANK17  BANK18  BANK19  BANK20  BANK21  BANK22  BANK23  BANK24  BANK25
      Params:         0       0       0       0       0       0       0       0       0       0       0       0       0       0       0       0       0       0       0       0       0       0       0       0       0       0       0
      Locals:         0       0       0       0       0       0       0       0       0       0       0       0       0       0       0       0       0       0       0       0       0       0       0       0       0       0       0
      Temps:          0       0       0       0       0       0       0       0       0       0       0       0       0       0       0       0       0       0       0       0       0       0       0       0       0       0       0
      Totals:         0       0       0       0       0       0       0       0       0       0       0       0       0       0       0       0       0       0       0       0       0       0       0       0       0       0       0
Total ram usage:        0 bytes
 Hardware stack levels used:    1
 This function calls:
		Nothing
 This function is called by:
		_EUSART_Initialize
		_EUSART_Receive_ISR
 This function uses a non-reentrant model


 *************** function _EUSART_DefaultErrorHandler *****************
 Defined at:
		line 269 in file "mcc_generated_files/eusart.c"
 Parameters:    Size  Location     Type
		None
 Auto vars:     Size  Location     Type
		None
 Return value:  Size  Location     Type
                  1    wreg      void 
 Registers used:
		wreg, fsr1l, fsr1h, status,2, status,0, pclath, cstack
 Tracked objects:
		On entry : 
		On exit  : 
		Unchanged: 
 Data sizes:     COMMON   BANK0   BANK1   BANK2   BANK3   BANK4   BANK5   BANK6   BANK7   BANK8   BANK9  BANK10  BANK11  BANK12  BANK13  BANK14  BANK15  BANK16  BANK17  BANK18  BANK19  BANK20  BANK21  BANK22  BANK23  BANK24  BANK25
      Params:         0       0       0       0       0       0       0       0       0       0       0       0       0       0       0       0       0       0       0       0       0       0       0       0       0       0       0
      Locals:         0       0       0       0       0       0       0       0       0       0       0       0       0       0       0       0       0       0       0       0       0       0       0       0       0       0       0
      Temps:          0       0       0       0       0       0       0       0       0       0       0       0       0       0       0       0       0       0       0       0       0       0       0       0       0       0       0
      Totals:         0       0       0       0       0       0       0       0       0       0       0       0       0       0       0       0       0       0       0       0       0       0       0       0       0       0       0
Total ram usage:        0 bytes
 Hardware stack levels used:    1
 Hardware stack levels required when called:    1
 This function calls:
		_EUSART_RxDataHandler
 This function is called by:
		_EUSART_Initialize
		_EUSART_Receive_ISR
 This function uses a non-reentrant model


 *************** function _EUSART_RxDataHandler *****************
 Defined at:
		line 249 in file "mcc_generated_files/eusart.c"
 Parameters:    Size  Location     Type
		None
 Auto vars:     Size  Location     Type
		None
 Return value:  Size  Location     Type
                  1    wreg      void 
 Registers used:
		wreg, fsr1l, fsr1h, status,2, status,0
 Tracked objects:
		On entry : 
		On exit  : 
		Unchanged: 
 Data sizes:     COMMON   BANK0   BANK1   BANK2   BANK3   BANK4   BANK5   BANK6   BANK7   BANK8   BANK9  BANK10  BANK11  BANK12  BANK13  BANK14  BANK15  BANK16  BANK17  BANK18  BANK19  BANK20  BANK21  BANK22  BANK23  BANK24  BANK25
      Params:         0       0       0       0       0       0       0       0       0       0       0       0       0       0       0       0       0       0       0       0       0       0       0       0       0       0       0
      Locals:         0       0       0       0       0       0       0       0       0       0       0       0       0       0       0       0       0       0       0       0       0       0       0       0       0       0       0
      Temps:          1       0       0       0       0       0       0       0       0       0       0       0       0       0       0       0       0       0       0       0       0       0       0       0       0       0       0
      Totals:         1       0       0       0       0       0       0       0       0       0       0       0       0       0       0       0       0       0       0       0       0       0       0       0       0       0       0
Total ram usage:        1 bytes
 Hardware stack levels used:    1
 This function calls:
		Nothing
 This function is called by:
		_EUSART_Receive_ISR
		_EUSART_DefaultErrorHandler
 This function uses a non-reentrant model



MODULE INFORMATION

Module		Function		Class		Link	Load	Size
mcc_generated_files/examples/i2c1_master_example.c
		_wr1RegCompleteHandler		CODE           	1F15	0000	17
		_wr2RegCompleteHandler		CODE           	1EE5	0000	17
		_rdBlkRegCompleteHandler		CODE           	1F36	0000	24
		_rd1RegCompleteHandler		CODE           	1EF5	0000	17
		_rd2RegCompleteHandler		CODE           	1F05	0000	17
		_I2C1_Read1ByteRegister		CODE           	1197	0000	51

mcc_generated_files/examples/i2c1_master_example.c estimated size: 143

C:\Program Files (x86)\Microchip\xc8\v2.05\pic\sources\c99\common\awmod.c
		___awmod       		CODE           	131F	0000	70

C:\Program Files (x86)\Microchip\xc8\v2.05\pic\sources\c99\common\awmod.c estimated size: 70

C:\Program Files (x86)\Microchip\xc8\v2.05\pic\sources\c99\common\printf.c
		_printf        		CODE           	1F25	0000	18

C:\Program Files (x86)\Microchip\xc8\v2.05\pic\sources\c99\common\printf.c estimated size: 18

C:\Program Files (x86)\Microchip\xc8\v2.05\pic\sources\c99\common\__fpclassifyf.c
		___fpclassifyf 		CODE           	15B6	0000	121

C:\Program Files (x86)\Microchip\xc8\v2.05\pic\sources\c99\common\__fpclassifyf.c estimated size: 121

mcc_generated_files/i2c1_master.c
		_I2C1_DO_SEND_RESTART		CODE           	1DEA	0000	5
		_I2C1_DO_TX_EMPTY		CODE           	1139	0000	48
		_I2C1_DO_SEND_RESTART_READ		CODE           	1DE2	0000	5
		_I2C1_CallbackReturnStop		CODE           	1DAF	0000	3
		_I2C1_DO_RX    		CODE           	1364	0000	72
		_I2C1_DO_TX    		CODE           	149A	0000	83
		_I2C1_SetAddressNackCallback		CODE           	1ECB	0000	13
		_I2C1_DO_IDLE  		CODE           	1E0B	0000	6
		_I2C1_MasterOpen		CODE           	1EA8	0000	12
		_I2C1_DO_RCEN  		CODE           	1E3E	0000	7
		_I2C1_MasterSendTxData		CODE           	1E06	0000	6
		_I2C1_MasterStop		CODE           	1DC3	0000	4
		_I2C1_CallbackReturnReset		CODE           	0002	0000	3
		_I2C1_DO_RESET 		CODE           	1E10	0000	6
		_I2C1_MasterStartRx		CODE           	1DC6	0000	4
		_I2C1_Poller   		CODE           	1E8A	0000	11
		_I2C1_DO_RX_ACK		CODE           	1DF2	0000	5
		_I2C1_MasterWaitForEvent		CODE           	1DFE	0000	5
		_I2C1_MasterSendNack		CODE           	1DDA	0000	5
		_I2C1_DO_RX_NACK_RESTART		CODE           	1DFA	0000	5
		_I2C1_MasterDisableIrq		CODE           	1DBA	0000	4
		_I2C1_MasterOperation		CODE           	1FC3	0000	31
		_I2C1_SetCallback		CODE           	10E7	0000	41
		_I2C1_MasterEnableRestart		CODE           	1DC0	0000	4
		_I2C1_Open     		CODE           	07C9	0000	56
		_I2C1_DO_ADDRESS_NACK		CODE           	1168	0000	48
		_I2C1_SetBuffer		CODE           	1ED7	0000	15
		_I2C1_DO_SEND_RESTART_WRITE		CODE           	1DE6	0000	5
		_I2C1_MasterClose		CODE           	1DB7	0000	4
		_I2C1_MasterWrite		CODE           	1E02	0000	5
		_I2C1_Initialize		CODE           	1E6F	0000	10
		_I2C1_Close    		CODE           	1004	0000	26
		_I2C1_MasterIsNack		CODE           	1E38	0000	7
		_I2C1_MasterStart		CODE           	1DBD	0000	4
		_I2C1_DO_SEND_ADR_WRITE		CODE           	1E50	0000	8
		_I2C1_MasterClearIrq		CODE           	1DB4	0000	4
		_I2C1_SetDataCompleteCallback		CODE           	1EBF	0000	13
		_I2C1_DO_SEND_STOP		CODE           	1DEE	0000	5
		_I2C1_MasterSendAck		CODE           	1DDE	0000	5
		_I2C1_MasterFsm		CODE           	110F	0000	43
		_I2C1_MasterGetRxData		CODE           	1DC9	0000	4
		_I2C1_MasterSetIrq		CODE           	1DCC	0000	4
		_I2C1_DO_SEND_ADR_READ		CODE           	1E67	0000	9
		_I2C1_DO_RX_NACK_STOP		CODE           	1DF6	0000	5

mcc_generated_files/i2c1_master.c estimated size: 668

C:\Program Files (x86)\Microchip\xc8\v2.05\pic\sources\c99\common\floorf.c
		_floorf        		CODE           	06F1	0000	217

C:\Program Files (x86)\Microchip\xc8\v2.05\pic\sources\c99\common\floorf.c estimated size: 217

mcc_generated_files/tmr2.c
		_TMR2_Initialize		CODE           	1E5F	0000	9

mcc_generated_files/tmr2.c estimated size: 9

mcc_generated_files/interrupt_manager.c
		_INTERRUPT_InterruptManager		CODE           	0004	0000	32

mcc_generated_files/interrupt_manager.c estimated size: 32

C:\Program Files (x86)\Microchip\xc8\v2.05\pic\sources\c99\common\flge.c
		___flge        		CODE           	162E	0000	125

C:\Program Files (x86)\Microchip\xc8\v2.05\pic\sources\c99\common\flge.c estimated size: 125

C:\Program Files (x86)\Microchip\xc8\v2.05\pic\sources\c99\common\nf_fputc.c
		_fputc         		CODE           	1230	0000	54

C:\Program Files (x86)\Microchip\xc8\v2.05\pic\sources\c99\common\nf_fputc.c estimated size: 54

mcc_generated_files/pin_manager.c
		_PIN_MANAGER_Initialize		CODE           	1265	0000	59

mcc_generated_files/pin_manager.c estimated size: 59

C:\Program Files (x86)\Microchip\xc8\v2.05\pic\sources\c99\common\xxtofl.c
		___xxtofl      		CODE           	0849	0000	151

C:\Program Files (x86)\Microchip\xc8\v2.05\pic\sources\c99\common\xxtofl.c estimated size: 151

C:\Program Files (x86)\Microchip\xc8\v2.05\pic\sources\c99\common\isupper.c
		_isupper       		CODE           	1F4D	0000	24

C:\Program Files (x86)\Microchip\xc8\v2.05\pic\sources\c99\common\isupper.c estimated size: 24

C:\Program Files (x86)\Microchip\xc8\v2.05\pic\sources\c99\common\strlen.c
		_strlen        		CODE           	1FAB	0000	25

C:\Program Files (x86)\Microchip\xc8\v2.05\pic\sources\c99\common\strlen.c estimated size: 25

C:\Program Files (x86)\Microchip\xc8\v2.05\pic\sources\c99\common\strcpy.c
		_strcpy        		CODE           	103C	0000	32

C:\Program Files (x86)\Microchip\xc8\v2.05\pic\sources\c99\common\strcpy.c estimated size: 32

C:\Program Files (x86)\Microchip\xc8\v2.05\pic\sources\c99\common\awdiv.c
		___awdiv       		CODE           	1449	0000	82

C:\Program Files (x86)\Microchip\xc8\v2.05\pic\sources\c99\common\awdiv.c estimated size: 82

C:\Program Files (x86)\Microchip\xc8\v2.05\pic\sources\c99\common\fltol.c
		___fltol       		CODE           	14EC	0000	102

C:\Program Files (x86)\Microchip\xc8\v2.05\pic\sources\c99\common\fltol.c estimated size: 102

C:\Program Files (x86)\Microchip\xc8\v2.05\pic\sources\c99\common\strncmp.c
		_strncmp       		CODE           	13AB	0000	79

C:\Program Files (x86)\Microchip\xc8\v2.05\pic\sources\c99\common\strncmp.c estimated size: 79

C:\Program Files (x86)\Microchip\xc8\v2.05\pic\sources\c99\common\tolower.c
		_tolower       		CODE           	107B	0000	35

C:\Program Files (x86)\Microchip\xc8\v2.05\pic\sources\c99\common\tolower.c estimated size: 35

C:\Program Files (x86)\Microchip\xc8\v2.05\pic\sources\c99\common\sprcmul.c
		___flmul       		CODE           	0DD4	0000	557

C:\Program Files (x86)\Microchip\xc8\v2.05\pic\sources\c99\common\sprcmul.c estimated size: 557

C:\Program Files (x86)\Microchip\xc8\v2.05\pic\sources\c99\common\sprcdiv.c
		___fldiv       		CODE           	08DF	0000	379

C:\Program Files (x86)\Microchip\xc8\v2.05\pic\sources\c99\common\sprcdiv.c estimated size: 379

C:\Program Files (x86)\Microchip\xc8\v2.05\pic\sources\c99\common\doprnt.c
		_vfpfcnvrt     		CODE           	0A59	0000	410
		_efgtoa        		CODE           	005D	0000	1685
		_pad           		CODE           	13F9	0000	81
		_vfprintf      		CODE           	11C9	0000	52

C:\Program Files (x86)\Microchip\xc8\v2.05\pic\sources\c99\common\doprnt.c estimated size: 2228

shared
		__initialization		CODE           	0025	0000	53
		_fsmStateTable 		STRCODE        	1800	0000	33

shared estimated size: 86

mcc_generated_files/pwm5.c
		_PWM5_Initialize		CODE           	1EB3	0000	13

mcc_generated_files/pwm5.c estimated size: 13

mcc_generated_files/mcc.c
		_WDT_Initialize		CODE           	1DD6	0000	5
		_PMD_Initialize		CODE           	1E57	0000	9
		_OSCILLATOR_Initialize		CODE           	1E78	0000	10
		_SYSTEM_Initialize		CODE           	1F93	0000	25

mcc_generated_files/mcc.c estimated size: 49

C:\Program Files (x86)\Microchip\xc8\v2.05\pic\sources\c99\common\fleq.c
		___fleq        		CODE           	0800	0000	74

C:\Program Files (x86)\Microchip\xc8\v2.05\pic\sources\c99\common\fleq.c estimated size: 74

C:\Program Files (x86)\Microchip\xc8\v2.05\pic\sources\c99\common\nf_fputs.c
		_fputs         		CODE           	10C1	0000	39

C:\Program Files (x86)\Microchip\xc8\v2.05\pic\sources\c99\common\nf_fputs.c estimated size: 39

C:\Program Files (x86)\Microchip\xc8\v2.05\pic\sources\c99\common\flneg.c
		___flneg       		CODE           	1E81	0000	10

C:\Program Files (x86)\Microchip\xc8\v2.05\pic\sources\c99\common\flneg.c estimated size: 10

mcc_generated_files/eusart.c
		_EUSART_SetRxInterruptHandler		CODE           	1E2C	0000	7
		_EUSART_SetTxInterruptHandler		CODE           	1E32	0000	7
		_putch         		CODE           	1E15	0000	6
		_EUSART_DefaultOverrunErrorHandler		CODE           	1DD2	0000	5
		_EUSART_Write  		CODE           	109D	0000	37
		_EUSART_DefaultErrorHandler		CODE           	1DB1	0000	4
		_EUSART_Transmit_ISR		CODE           	105B	0000	33
		_EUSART_Initialize		CODE           	12DC	0000	68
		_EUSART_SetFramingErrorHandler		CODE           	1E20	0000	7
		_EUSART_SetErrorHandler		CODE           	1E1A	0000	7
		_EUSART_SetOverrunErrorHandler		CODE           	1E26	0000	7
		_EUSART_Receive_ISR		CODE           	11FC	0000	53
		_EUSART_RxDataHandler		CODE           	1F7B	0000	25
		_EUSART_DefaultFramingErrorHandler		CODE           	1DAE	0000	2

mcc_generated_files/eusart.c estimated size: 268

C:\Program Files (x86)\Microchip\xc8\v2.05\pic\sources\c99\common\Umul8_16.c
		__Umul8_16     		CODE           	1FE1	0000	32

C:\Program Files (x86)\Microchip\xc8\v2.05\pic\sources\c99\common\Umul8_16.c estimated size: 32

main.c
		_setLow        		CODE           	1E9E	0000	11
		_setZero       		CODE           	1DCF	0000	4
		_main          		CODE           	1551	0000	102
		_sendPWM       		CODE           	129F	0000	62
		_readPressureSensor		CODE           	16AA	0000	343
		_setHigh       		CODE           	1E94	0000	11

main.c estimated size: 533

C:\Program Files (x86)\Microchip\xc8\v2.05\pic\sources\c99\common\sprcadd.c
		___flsub       		CODE           	101D	0000	32
		___fladd       		CODE           	0BF2	0000	483

C:\Program Files (x86)\Microchip\xc8\v2.05\pic\sources\c99\common\sprcadd.c estimated size: 515

